................................................................n............................................................................................................................................................................................................
...................................................n............................................................................................................................................................................................................
...................................................n............................................................................................................................................................................................................
...................................................n............................................................................................................................................................................................................
...................................................n............................................................................................................................................................................................................
...................................................................................O-O-O.....O-O..........................................................n............................................................................................................................................................................................................
................................................................................../..|...../......................................................n............................................................................................................................................................................................................
.................................................................................O...O...O-O--O--O..............................................P....................................................n............................................................................................................................................................................................................
...............................................................................................................................................|..................................................................n............................................................................................................................................................................................................
.................................................................................O-O-O........................................................O-O.....wies.eldar..............................................................n............................................................................................................................................................................................................
................................................................................/...............................................................|..................................................................n............................................................................................................................................................................................................
...............................................................................O............................................................O.O.|..................................................................n............................................................................................................................................................................................................
............................................................................../.............................................................|.|.|..................................................................n............................................................................................................................................................................................................
.............................................................................O...................j.e.z.i.o.r.o............................O-O-O-O-O-O..............................................................n............................................................................................................................................................................................................
.............................................................................|..................................................................|..................................................................n............................................................................................................................................................................................................
.............................................................................O................................................................G-O..................................................................n............................................................................................................................................................................................................
.............................................................................|..................................................................|..................................................................n............................................................................................................................................................................................................
.............................................................................O..................................................................O..................................................................n............................................................................................................................................................................................................
...............................................................................................................................................|..................................................................n............................................................................................................................................................................................................
...............................................................................O......................N...............O.........................O..................................................................n............................................................................................................................................................................................................
.............................daevon.........................................../|......................|............../|.........................|..................................................................n............................................................................................................................................................................................................
............................................................................./.|......................O...........O-O.O.......................O-O...........................................................n............................................................................................................................................................................................................
................................|...........................................O..O....ard.carraigh...../.........../........................../..|...........................................................n............................................................................................................................................................................................................
................................#.......O.....O-O.......O.......O.....O-O...|./|...................O...O-O.....O.......O...........O.....O-O...O...........................................................n............................................................................................................................................................................................................
......................straznica.|....../..../......../|....../..../.....|/.|...................|../.......|.......|........../..../.................................................................n............................................................................................................................................................................................................
................................O-O...O...O-O.....O-O-O.O.....O...O-O.....O-O--O--O.................O-O.....O...O.......O-O.....O-O...O-O.........O-O.......................................................n............................................................................................................................................................................................................
..............................|/..../....................../..............|..../.........................../............../...........................................................................n............................................................................................................................................................................................................
.........polnocna.redania..-O-O.....O.O...................O-O.............O-G-O.O.....................O.......O.............O-O.......................O.....................................................n............................................................................................................................................................................................................
....................................|/......................................|../...................../........................|............................................................................n............................................................................................................................................................................................................
..................................O-O..............l.a.s....................O.O...................O-O...................................................O....................................................n............................................................................................................................................................................................................
....................................|..wies...................................|................../.......................oboz.wojskowy...................................................n............................................................................................................................................................................................................
....................................O.......................................O.O.................O....................................................n............................................................................................................................................................................................................
............................................................................|/................/...................................................n............................................................................................................................................................................................................
..........................................................................O-O...O...........O-O....................................................n............................................................................................................................................................................................................
............................................................................../........../....................................................n............................................................................................................................................................................................................
..............................................................................O...O-O-O-O-O....................................................n............................................................................................................................................................................................................
........................................................................................|/....................................................n............................................................................................................................................................................................................
........................................................................................O....................................................n............................................................................................................................................................................................................
........................................................................................|....................................................n............................................................................................................................................................................................................
........................................................................................O.O...................................................n............................................................................................................................................................................................................
........................................................................................|...................................................n............................................................................................................................................................................................................
........................................................................................O...................................................n............................................................................................................................................................................................................
......................................................................................./...................................................n............................................................................................................................................................................................................
......................................................................................O...................................................n............................................................................................................................................................................................................
......................................................................................|...................................................n............................................................................................................................................................................................................
...............................................................................................................................n............................................................................................................................................................................................................
..............................................................................poludniowe.kaedwen...................................................n............................................................................................................................................................................................................
...............................................................................................................................n............................................................................................................................................................................................................
...............................................................................................................................n............................................................................................................................................................................................................
...............................................................................................................................n............................................................................................................................................................................................................
...............................................................................................................................n............................................................................................................................................................................................................
