             




                                                                                   O-O-O     O-O       
                                                                                  /  |  9   /   9
                                                                                 O   O   O-O--O--O                                              P 
                                                                                  9                                                             |               
                                                                                 O-O-O                                                        O-O     wies eldar           
                                                                                /                                                               |               
                                                                               O                                                            O O |               
                                                                              /                                                             | | |               
                                                                             O                   j e z i o r o                            O-O-O-O-O-O           
                                                                             |                                                                  |               
                                                                             O                                                                G-O               
                                                                             |                                                                  |               
                                                                             O                                                                  O               
                                                                              9                                                                 |               
                                                                               O                      N               O                         O               
                             daevon                                           /|                      |              /|                         |               
                                                                             / |                      O           O-O O                       O-O        
                                |                                           O  O    ard carraigh     /           /     9                     /  |        
                                #       O     O-O       O       O     O-O   | /|9                   O   O-O     O       O           O     O-O   O        
                      straznica |      / 9   /   9     /|      / 9   /   9  |/ | 9                  |  /   9    |       |          / 9   /       9       
                                O-O   O   O-O     O-O-O O     O   O-O     O-O--O--O                 O-O     O   O       O-O     O-O   O-O         O-O    
                              |/   9 /                   9   /              |    /                   9       9 /           9   /                     9   
         polnocna redania  -O-O     O O                   O-O             O-G-O O                     O       O             O-O                       O  
                                    |/                                      |  /                     /                        |                        9 
                                  O-O              l a s                    O O                   O-O                                                   O 
                                    |  wies                                   |                  /                       oboz wojskowy
                                    O                                       O O                 O 
                                                                            |/ 9               /
                                                                          O-O   O           O-O 
                                                                             9 / 9         / 
                                                                              O   O-O-O-O-O 
                                                                                        |/ 
                                                                                        O 
                                                                                        |9 
                                                                                        O O
                                                                                        |
                                                                                        O
                                                                                       /
                                                                                      O
                                                                                      |
                                                                            
                                                                              poludniowe kaedwen
                                                                            
                                                                            
                                                                            
                                                                            
                                                                            