...................................................n............................................................................................................................................................................................................
...................................................n............................................................................................................................................................................................................
...................................................n............................................................................................................................................................................................................
...................................................n............................................................................................................................................................................................................
...................................................n............................................................................................................................................................................................................
......................O...................................................n............................................................................................................................................................................................................
......................|...................................................n............................................................................................................................................................................................................
......................O........................................................................n............................................................................................................................................................................................................
......................|........................................................................n............................................................................................................................................................................................................
......................O........................................................................n............................................................................................................................................................................................................
......................|...las..................................................................n............................................................................................................................................................................................................
............K...I.....O-.loren..U..............................................................n............................................................................................................................................................................................................
............../......|......../...............................................................n............................................................................................................................................................................................................
..............O.......O.......O^U..............................................................n............................................................................................................................................................................................................
.....................|....../.................................................................n............................................................................................................................................................................................................
..............U^O.....O.....O..................................................................n............................................................................................................................................................................................................
.....................|..../...................................................................n............................................................................................................................................................................................................
..................O.G.O.S.O....................................................................n............................................................................................................................................................................................................
...................|.|.|/.....................................................................n............................................................................................................................................................................................................
............Z...U...O-O-O...P...G..............................................................n............................................................................................................................................................................................................
............|...|...|X|X|...|...|..............................................................n............................................................................................................................................................................................................
............O-O-O-O-O-T-O-O-O-O-O..............................................................n............................................................................................................................................................................................................
............|...|...|X|X|...|..................................................................n............................................................................................................................................................................................................
............S...V...O-F-O...B..................................................................n............................................................................................................................................................................................................
.................../|.|..........athel.loren..................................................................n............................................................................................................................................................................................................
..................O...O-G.O....................................................................n............................................................................................................................................................................................................
................./....|.^.....................................................................n............................................................................................................................................................................................................
............O-O-O.....O.O-O.O..................................................................n............................................................................................................................................................................................................
.............../......|.......................................................................n............................................................................................................................................................................................................
..............O.......O.......O................................................................n............................................................................................................................................................................................................
............./........|.......................................................................n............................................................................................................................................................................................................
............O.........O-O-O-O...O-O............................................................n............................................................................................................................................................................................................
......................|.|X|X|...|X|............................................................n............................................................................................................................................................................................................
......................O-O-O-O...O-O............................................................n............................................................................................................................................................................................................
......................|........................................................................n............................................................................................................................................................................................................
......................O........................................................................n............................................................................................................................................................................................................
......................|........................................................................n............................................................................................................................................................................................................
......................O........................................................................n............................................................................................................................................................................................................
......................|........................................................................n............................................................................................................................................................................................................
......................O........................................................................n............................................................................................................................................................................................................
......................|........................................................................n............................................................................................................................................................................................................
....................O-O-O......................................................................n............................................................................................................................................................................................................
...................../|.|......................................................................n............................................................................................................................................................................................................
..................O-O.O.O---L..................................................................n............................................................................................................................................................................................................
....................|.|....|..................................................................n............................................................................................................................................................................................................
..................O-O.O...O.L..................................................................n............................................................................................................................................................................................................
....................|.|...|....................................................................n............................................................................................................................................................................................................
....................O.O...O....palac...........................................................n............................................................................................................................................................................................................
..........................|....................................................................n............................................................................................................................................................................................................
..........................O....................................................................n............................................................................................................................................................................................................
..............................................................................................n............................................................................................................................................................................................................
............................O..................................................................n............................................................................................................................................................................................................
...............................................................................................n............................................................................................................................................................................................................
...............................................................................................n............................................................................................................................................................................................................
...............................................................................................n............................................................................................................................................................................................................
