...................................................n............................................................................................................................................................................................................
...................................................n............................................................................................................................................................................................................
...................................................n............................................................................................................................................................................................................
...................................................n............................................................................................................................................................................................................
...................................................n............................................................................................................................................................................................................
...................................................n............................................................................................................................................................................................................
........................G...................................................n............................................................................................................................................................................................................
........................|...................................................n............................................................................................................................................................................................................
......................O-O-O^O...................................................n............................................................................................................................................................................................................
...................../......|...................................................n............................................................................................................................................................................................................
...........aedirn..^O.......O...................................................n............................................................................................................................................................................................................
................................................................................n............................................................................................................................................................................................................
..............................O-O...................................................n............................................................................................................................................................................................................
....................................................................................n............................................................................................................................................................................................................
..................................O...................................................n............................................................................................................................................................................................................
................................./...................................................n............................................................................................................................................................................................................
................................O...................................................n............................................................................................................................................................................................................
.............................../...................................................n............................................................................................................................................................................................................
..............................O................................................................n............................................................................................................................................................................................................
..................................................................................n............................................................................................................................................................................................................
................................O...................................................n............................................................................................................................................................................................................
....................................................................................n............................................................................................................................................................................................................
............gory.sine.............O...................................................n............................................................................................................................................................................................................
..................................^...................................................n............................................................................................................................................................................................................
..................................O...................................................n............................................................................................................................................................................................................
................................./...................................................n............................................................................................................................................................................................................
........................O-O.....O...................................................n............................................................................................................................................................................................................
........................^...../...................................................n............................................................................................................................................................................................................
........................O...O-O...................................................n............................................................................................................................................................................................................
............................................................................n............................................................................................................................................................................................................
..........................O...................................................n............................................................................................................................................................................................................
........................./...................................................n............................................................................................................................................................................................................
........................O.....przelecz...................................................n............................................................................................................................................................................................................
........................^...................................................n............................................................................................................................................................................................................
........................O....elskerdeg...................................................n............................................................................................................................................................................................................
......................./...................................................n............................................................................................................................................................................................................
......................O...................................................n............................................................................................................................................................................................................
......................^...................................................n............................................................................................................................................................................................................
......................O...................................................n............................................................................................................................................................................................................
...................../...................................................n............................................................................................................................................................................................................
..................O-O...................................................n............................................................................................................................................................................................................
..................^...................................................n............................................................................................................................................................................................................
..............O...O...................................................n............................................................................................................................................................................................................
............./../...................................................n............................................................................................................................................................................................................
............O...O...................................................n............................................................................................................................................................................................................
............^...................................................n............................................................................................................................................................................................................
............O...................................................n............................................................................................................................................................................................................
.........../...................................................n............................................................................................................................................................................................................
..........O...................................................n............................................................................................................................................................................................................
........./...................................................n............................................................................................................................................................................................................
........O...................................................n............................................................................................................................................................................................................
............................................................n............................................................................................................................................................................................................
..........O...................................................n............................................................................................................................................................................................................
..........|..............gory.sine...................................................n............................................................................................................................................................................................................
..........O...................................................n............................................................................................................................................................................................................
..............................................................n............................................................................................................................................................................................................
............O...................................................n............................................................................................................................................................................................................
................................................................n............................................................................................................................................................................................................
..............O...................................................n............................................................................................................................................................................................................
..............|...................................................n............................................................................................................................................................................................................
..............O...................................................n............................................................................................................................................................................................................
............./...................................................n............................................................................................................................................................................................................
............O...................................................n............................................................................................................................................................................................................
............^...................................................n............................................................................................................................................................................................................
............O...................................................n............................................................................................................................................................................................................
................................................................n............................................................................................................................................................................................................
..............O-O...................................................n............................................................................................................................................................................................................
................^...................................................n............................................................................................................................................................................................................
................O...................................................n............................................................................................................................................................................................................
.............../...................................................n............................................................................................................................................................................................................
..............O...................................................n............................................................................................................................................................................................................
..................................................................n............................................................................................................................................................................................................
................O...................................................n............................................................................................................................................................................................................
....................................................................n............................................................................................................................................................................................................
..................O^O...................................................n............................................................................................................................................................................................................
....................|...................................................n............................................................................................................................................................................................................
....................O...................................................n............................................................................................................................................................................................................
........................................................................n............................................................................................................................................................................................................
......................O...................................................n............................................................................................................................................................................................................
..........................................................................n............................................................................................................................................................................................................
........................O...................................................n............................................................................................................................................................................................................
........................|...................................................n............................................................................................................................................................................................................
........................O...................................................n............................................................................................................................................................................................................
............................................................................n............................................................................................................................................................................................................
..........................O...................................................n............................................................................................................................................................................................................
..........................|...................................................n............................................................................................................................................................................................................
..........................O...................................................n............................................................................................................................................................................................................
........................./....................................................n............................................................................................................................................................................................................
........................O...O...................................................n............................................................................................................................................................................................................
............................................................................n............................................................................................................................................................................................................
..........................O...................................................n............................................................................................................................................................................................................
..............................................................................n............................................................................................................................................................................................................
............................O-O...................................................n............................................................................................................................................................................................................
..............................|...................................................n............................................................................................................................................................................................................
..............................O-O...................................................n............................................................................................................................................................................................................
................................|...................................................n............................................................................................................................................................................................................
................................O...................................................n............................................................................................................................................................................................................
.............................../...................................................n............................................................................................................................................................................................................
..............................O.....O...................................................n............................................................................................................................................................................................................
................................../....................................................n............................................................................................................................................................................................................
................................O-O...O...................................................n............................................................................................................................................................................................................
......................................|...................................................n............................................................................................................................................................................................................
......................................O...................................................n............................................................................................................................................................................................................
..........................................................................................n............................................................................................................................................................................................................
........................................O...................................................n............................................................................................................................................................................................................
............................................................................................n............................................................................................................................................................................................................
..........................................O...................................................n............................................................................................................................................................................................................
..........................................|...................................................n............................................................................................................................................................................................................
..........................................O...................................................n............................................................................................................................................................................................................
........................................./...................................................n............................................................................................................................................................................................................
........................................O...................................................n............................................................................................................................................................................................................
........................................|...................................................n............................................................................................................................................................................................................
........................................O...................................................n............................................................................................................................................................................................................
......................................./...................................................n............................................................................................................................................................................................................
......................................O...................................................n............................................................................................................................................................................................................
..........................................................................................n............................................................................................................................................................................................................
........................................O...................................................n............................................................................................................................................................................................................
............................................................................................n............................................................................................................................................................................................................
..........................................O...................................................n............................................................................................................................................................................................................
........................................./...................................................n............................................................................................................................................................................................................
........................................O...................................................n............................................................................................................................................................................................................
............................................................................................n............................................................................................................................................................................................................
..........................................O-O...................................................n............................................................................................................................................................................................................
................................................................................................n............................................................................................................................................................................................................
..............................................O-O...................................................n............................................................................................................................................................................................................
....................................................................................................n............................................................................................................................................................................................................
..................................................O...................................................n............................................................................................................................................................................................................
......................................................................................................n............................................................................................................................................................................................................
....................................................O...................................................n............................................................................................................................................................................................................
....................................................|...................................................n............................................................................................................................................................................................................
..................................................S-O-G...................................................n............................................................................................................................................................................................................
....................................................|.....oboz...................................................n............................................................................................................................................................................................................
....................................................G-O...................................................n............................................................................................................................................................................................................
....................................................|.|...................................................n............................................................................................................................................................................................................
....................................................|.O.O...................................................n............................................................................................................................................................................................................
....................................................|...................................................n............................................................................................................................................................................................................
...................................................n............................................................................................................................................................................................................
....................................p.u.s.t.y.n.i.a...z.e.r.r.i.k.a.n.s.k.a..................................................................n............................................................................................................................................................................................................
...................................................n............................................................................................................................................................................................................
...................................................n............................................................................................................................................................................................................
...................................................n............................................................................................................................................................................................................
...................................................n............................................................................................................................................................................................................
...................................................n............................................................................................................................................................................................................
