...................................................n............................................................................................................................................................................................................
...................................................n............................................................................................................................................................................................................
...................................................n............................................................................................................................................................................................................
...................................................n............................................................................................................................................................................................................
...................................................n............................................................................................................................................................................................................
............................................O.O--O...................................................n............................................................................................................................................................................................................
............................................|/...................................................n............................................................................................................................................................................................................
............................................O----O...................................................n............................................................................................................................................................................................................
............................................|........................................................n............................................................................................................................................................................................................
............................................|..............O-2--O...................................................n............................................................................................................................................................................................................
............................................O.......O.........|/|......poziom.pierwszy................................................................n............................................................................................................................................................................................................
.........................................../.................|/|...................................................n............................................................................................................................................................................................................
........................................../..................O--O....................................................n............................................................................................................................................................................................................
.........................................1.............O......|...................................................n............................................................................................................................................................................................................
......................................../.........O.../.....O-O...................................................n............................................................................................................................................................................................................
......................................./............/........|...................................................n............................................................................................................................................................................................................
......................................O--K..........O.........O-O...................................................n............................................................................................................................................................................................................
...................................../.........O.../........./...................................................n............................................................................................................................................................................................................
..................................../............/.........O...................................................n............................................................................................................................................................................................................
.......................O---O--O--#-O.............O........./...................................................n............................................................................................................................................................................................................
....................../....|.........S...B.O-G./.........O...................................................n............................................................................................................................................................................................................
...........................|.........|...|...|/..........|...................................................n............................................................................................................................................................................................................
.............gory.czarne...O..........O---O---O---O---O---O...................................................n............................................................................................................................................................................................................
...........................|............................|...................................................n............................................................................................................................................................................................................
...........................|............O.......O.........O...................................................n............................................................................................................................................................................................................
...........................O............|...........................................................n............................................................................................................................................................................................................
.......................................F.......P-O--O--O--O--N...................................................n............................................................................................................................................................................................................
................................................/....................................................n............................................................................................................................................................................................................
..............................O.................O...O...................................................n............................................................................................................................................................................................................
............................................../........................................................n............................................................................................................................................................................................................
.............................................O.......O...................................................n............................................................................................................................................................................................................
.................................O--O...................................................n............................................................................................................................................................................................................
........................................................N....................................................n............................................................................................................................................................................................................
........................................................|...................................................n............................................................................................................................................................................................................
.......................................O.........O---O---N...................................................n............................................................................................................................................................................................................
.............................................../........|...................................................n............................................................................................................................................................................................................
............................................../.........N...................................................n............................................................................................................................................................................................................
..........................................O---O..........|...................................................n............................................................................................................................................................................................................
.........................................................N...................................................n............................................................................................................................................................................................................
...................................................n............................................................................................................................................................................................................
...................................................n............................................................................................................................................................................................................
.................................................................................................n............................................................................................................................................................................................................
...................................................n............................................................................................................................................................................................................
.................................................O...................................................n............................................................................................................................................................................................................
.................................................|...................................................n............................................................................................................................................................................................................
..................O--O--O.....S..O---O..G........O...................................................n............................................................................................................................................................................................................
.............................|./......|........|...................................................n............................................................................................................................................................................................................
.............................|/.......|........O...................................................n............................................................................................................................................................................................................
.....................O--O--O--O.........O--O.....|.....O--O--O...................................................n............................................................................................................................................................................................................
......................./...|./..................O-....../..............poziom.drugi...................................................................n............................................................................................................................................................................................................
....................../....|/...................|....../...................................................n............................................................................................................................................................................................................
...............O--O--O.....O--K............S--O--O--O--O--O--O...................................................n............................................................................................................................................................................................................
..................|.................O......./|/|/|...........................................................n............................................................................................................................................................................................................
..................|.................|....../.|/|/|............................................................n............................................................................................................................................................................................................
..................O...........O...M--O--O--O--O--T--O--O--L.....O...................................................n............................................................................................................................................................................................................
............................./.......|..../..|/|/|./...................................................n............................................................................................................................................................................................................
............................/........O.../...|/|/|/...................................................n............................................................................................................................................................................................................
........................G--O............/.....O--O--O--O--O--O--O...................................................n............................................................................................................................................................................................................
...................................P--O...../..|./........|...................................................n............................................................................................................................................................................................................
.........................................../...|/.........|...................................................n............................................................................................................................................................................................................
..............................O........O---O.....O........O..O...................................................n............................................................................................................................................................................................................
............................./......./|.........|...................................................n............................................................................................................................................................................................................
............................/......./.|.........|...................................................n............................................................................................................................................................................................................
...........................O.....O--O..O.........O....................................................n............................................................................................................................................................................................................
........................../......................|..O..O.............O...................................................n............................................................................................................................................................................................................
........................./.......................|..|..|.............|...................................................n............................................................................................................................................................................................................
........................O..................M--3--O--O--O--O.......O--3--O...................................................n............................................................................................................................................................................................................
........................|.....................|..|...................|...................................................n............................................................................................................................................................................................................
.....................O--O...............O--O--O--O...................O...................................................n............................................................................................................................................................................................................
.....................|..|........................|...................................................n............................................................................................................................................................................................................
.....................O--O........................O...................................................n............................................................................................................................................................................................................
.....................|...........................|...................................................n............................................................................................................................................................................................................
.....................O..................O--O--O--O--O...................................................n............................................................................................................................................................................................................
.....................|................./...................................................n............................................................................................................................................................................................................
.....................O................O...................................................n............................................................................................................................................................................................................
.....................|....................................................................n............................................................................................................................................................................................................
.....................O..................O...................................................n............................................................................................................................................................................................................
...........................................................................................n............................................................................................................................................................................................................
.......................O..................2--O...................................................n............................................................................................................................................................................................................
.......................|.........................................................................n............................................................................................................................................................................................................
.......................1.......................O...................................................n............................................................................................................................................................................................................
....................../............................................................................n............................................................................................................................................................................................................
.....................O...........................O--O...................................................n............................................................................................................................................................................................................
..................../............................|...................................................n............................................................................................................................................................................................................
...................O.............................O...................................................n............................................................................................................................................................................................................
...................................................n............................................................................................................................................................................................................
...................................................n............................................................................................................................................................................................................
......................................................................n............................................................................................................................................................................................................
......................................................................n............................................................................................................................................................................................................
