




                                            O O--O
                                            |/
                                            O----O
                                            |     \
                                            |      \        O-2--O
                                            O       O         |\/|      poziom pierwszy             
                                           /         \        |/\|
                                          /           \       O--O 
                                         1             O      |
                                        /         O   /     O-O
                                       /           \ /        |
                                      O--K          O         O-O
                                     /         O   /         /
                                    /           \ /         O
                       O---O--O--#-O             O         /
                      /    |        \ S   B O-G /         O
                           |         \|   |   |/          |
             gory czarne   O          O---O---O---O---O---O
                           |           \       \          |
                           |            O       O         O
                           O            |        \
                            \           F       P-O--O--O--O--N
                             \                   / \
                              O                 O   O
                               \               /     \
                                \             O       O
                                 O--O
                                     \                   N 
                                      \                  |
                                       O         O---O---N
                                        \       /        |
                                         \     /         N
                                          O---O          |
                                                         N


                                              

                                                 O
                                                 |
                  O--O--O     S  O---O  G        O
                      \       | /     \ |        |
                       \      |/       \|        O
                     O--O--O--O         O--O     |     O--O--O
                       /   | /              \    O-      /              poziom drugi                
                      /    |/                \   |      /
               O--O--O     O--K            S--O--O--O--O--O--O
                  |         \        O       /|\/|\/|\        \
                  |          \       |      / |/\|/\| \        \
                  O           O   M--O--O--O--O--T--O--O--L     O
                             /       |    / \ |\/|\/| /
                            /        O   /   \|/\|/\|/
                        G--O            /     O--O--O--O--O--O--O
                            \       P--O     / \ | /    \    |
                             \              /   \|/      \   |
                              O        O---O     O        O  O
                             / \      /|         |
                            /   \    / |         |
                           O     O--O  O         O 
                          /                      |  O  O             O
                         /                       |  |  |             |
                        O                  M--3--O--O--O--O       O--3--O
                        |                     |  |                   |
                     O--O               O--O--O--O                   O
                     |  |                        |
                     O--O                        O
                     |                           |
                     O                  O--O--O--O--O
                     |                 /
                     O                O
                     |                 \
                     O                  O
                      \                  \
                       O                  2--O
                       |                      \
                       1                       O
                      /                         \
                     O                           O--O
                    /                            |
                   O                             O


                   
                   
                   
