...................................................n............................................................................................................................................................................................................
...................................................n............................................................................................................................................................................................................
...................................................n............................................................................................................................................................................................................
...................................................n............................................................................................................................................................................................................
...................................................n............................................................................................................................................................................................................
.......................gory.kranca.swiata...................................................n............................................................................................................................................................................................................
...................................................n............................................................................................................................................................................................................
................................|...................................................n............................................................................................................................................................................................................
................................#...................................................n............................................................................................................................................................................................................
................................|...................................................n............................................................................................................................................................................................................
..............................P.O...................................................n............................................................................................................................................................................................................
...............................|...................................................n............................................................................................................................................................................................................
.............................O--O--O........................................................n............................................................................................................................................................................................................
............................/../|.......................................................n............................................................................................................................................................................................................
.........................../../.|.....................poziom.pierwszy............................................................n............................................................................................................................................................................................................
....................G.....O--O..1..O--O.....V...................................................n............................................................................................................................................................................................................
......................../../............/...................................................n............................................................................................................................................................................................................
......................./../............/...................................................n............................................................................................................................................................................................................
.......................O..O...........O..O...................................................n............................................................................................................................................................................................................
.......................|..|...........|..|...................................................n............................................................................................................................................................................................................
.......................|..|...........|..|...................................................n............................................................................................................................................................................................................
.......................O..O...........O..O...................................................n............................................................................................................................................................................................................
.......................|..|...........|..|...................................................n............................................................................................................................................................................................................
.......................|..|...........|..|...................................................n............................................................................................................................................................................................................
.......................O..O...........O..O..O...................................................n............................................................................................................................................................................................................
....................../............/../..|...................................................n............................................................................................................................................................................................................
...................../............/../...|...................................................n............................................................................................................................................................................................................
....................S.....O--O.....O--O.....G...................................................n............................................................................................................................................................................................................
................................/../...................................................n............................................................................................................................................................................................................
.............................../../...................................................n............................................................................................................................................................................................................
.............................O--O--O...................................................n............................................................................................................................................................................................................
................................|...................................................n............................................................................................................................................................................................................
................................O...................................................n............................................................................................................................................................................................................
................................|...................................................n............................................................................................................................................................................................................
................................#...................................................n............................................................................................................................................................................................................
................................|...................................................n............................................................................................................................................................................................................
...................................................n............................................................................................................................................................................................................
.......................gory.kranca.swiata...................................................n............................................................................................................................................................................................................
...................................................n............................................................................................................................................................................................................
..........................................................................n............................................................................................................................................................................................................
...................................................n............................................................................................................................................................................................................
...................................................n............................................................................................................................................................................................................
...................................................n............................................................................................................................................................................................................
................................2..............O--O...................................................n............................................................................................................................................................................................................
................................|............./...................................................n............................................................................................................................................................................................................
................................|............/....................................................n............................................................................................................................................................................................................
................................O...........O--O...................................................n............................................................................................................................................................................................................
.............................../|..........|...................................................n............................................................................................................................................................................................................
.................|............/.|..........|...........poziom.drugi...............................................................n............................................................................................................................................................................................................
.................O..O.....O--O--O--O--O.....O--O...................................................n............................................................................................................................................................................................................
.................|./...../..|./..|./..../...................................................n............................................................................................................................................................................................................
.................|/...../...|/...|/..../...................................................n............................................................................................................................................................................................................
..............K--O.....O.....O.....O.....O.....O...................................................n............................................................................................................................................................................................................
......................|.../|.../|.../|..../...................................................n............................................................................................................................................................................................................
......................|../.|../.|../.|.../...................................................n............................................................................................................................................................................................................
....................O--O--O--O--T--O--O--O--O....................................................n............................................................................................................................................................................................................
.........................|./..|./..|./...|...................................................n............................................................................................................................................................................................................
.........................|/...|/...|/....|....................................................n............................................................................................................................................................................................................
....................S.....O.....O.....O.....O..O...................................................n............................................................................................................................................................................................................
....................|..../..../|.../...../...................................................n............................................................................................................................................................................................................
....................|.../..../.|../...../...................................................n............................................................................................................................................................................................................
.................O--O--O.....O--O--O.....O...................................................n............................................................................................................................................................................................................
....................|..........|...................................................n............................................................................................................................................................................................................
....................|..........#...................................................n............................................................................................................................................................................................................
....................K.....O.....|...................................................n............................................................................................................................................................................................................
................................1...................................................n............................................................................................................................................................................................................
...................................................n............................................................................................................................................................................................................
...................................................n............................................................................................................................................................................................................
...................................................n............................................................................................................................................................................................................
...................................................n............................................................................................................................................................................................................
...............................................................................n............................................................................................................................................................................................................
................................O...................................................n............................................................................................................................................................................................................
................................|...................................................n............................................................................................................................................................................................................
................................O...................................................n............................................................................................................................................................................................................
................................|.......................poziom.trzeci..................................................................n............................................................................................................................................................................................................
................................O.O-M...................................................n............................................................................................................................................................................................................
................................|/...................................................n............................................................................................................................................................................................................
................................O...................................................n............................................................................................................................................................................................................
................................|...................................................n............................................................................................................................................................................................................
................................O...................................................n............................................................................................................................................................................................................
................................|...................................................n............................................................................................................................................................................................................
................................O...................................................n............................................................................................................................................................................................................
.............................../...................................................n............................................................................................................................................................................................................
..............................O...................................................n............................................................................................................................................................................................................
............................./...................................................n............................................................................................................................................................................................................
............................O...................................................n............................................................................................................................................................................................................
.........................../...................................................n............................................................................................................................................................................................................
..........................2...................................................n............................................................................................................................................................................................................
...................................................n............................................................................................................................................................................................................
.............................................................................n............................................................................................................................................................................................................
...................................................n............................................................................................................................................................................................................
.............................................................................n............................................................................................................................................................................................................
.............................................................................n............................................................................................................................................................................................................
