                                                        .
                                                        .
                                                                     parravon                                                        .
                                                        .
																	                                                         .
                                                                  rzeka     grismerie                                                        .
                                                                         N                                                        .
                                                                         |                                                          .
                                                                         O                                                          .
                                                                          9                                                          .
                                                                           O                                                          .
                                                                           |                                                          .
                                                                           O                                                          .
                                                                            9                                                          .
                                                                             O                                                          .
                                                                              9                                                          .
                                                                               O                                                          .
                                                                               |                                                          .
                                                                               O                                                          .
                                                                                9                                                           .
                                                                                 O O-O                                                        .
                                                                                 |    9                                                        .
                                                                                 O     O                                                        .
                                                                                  9     9                                                        .
                                                                                   9     O                                                        .
                                                                                  G-O   / 9                                                        .
                                                                                     9 /   9                                                        .
                                                                                  O   O-----O                                                        .
                                                                                  |  /                                                        .
                                                           marceaux descloux    O-O-O----O-O                                                                            .
                                                                               /   9    /                                                        .
                                                                              O   O-O  O-O                                                        .
                                                                             /    |     9                                                        .
                                                                            O     O      O                                                        .
                                                                           /                                                        .
                                                                        O-O                                                        .
                                                                       /                                                        .
                                                                      O                                                        .
                                                                     /                                                        .
                                                                  O-O                                                        .
                                                                  |                                                        .
                                                                  O                                                        .
                                                                 /                                                        .
                                                                O                                                        .
                                                                |                                                        .
                                                                O                                                        .
                                                               /                                                        .
                                                    Z-O     O-O                   laki                                                        .
                                                       9   /                                                        .
                       masyw orcal                      O O                                                        .
                                                        |/                                                        .
                                                        O-V                                                        .
                                                        |                                                        .
                                                    O   O-O-O                                                        .
                                                     9 / 9                                                        .
                                                      O   G^O                                                        .
                                             9        |                                                        .
                                              O-O-O K-O      montlac                                                        .
                                                   9 / 9                                                        .
                                                    O   O-O                                                        .
                                                    |                                                        .
                                                    O                                                        .
                                                    |                                                        .
                                                    O                                                        .
                                                    |                                                        .
                                                    O                                                        .
                                                   /                                                        .
                                                  O                                                        .
                                                 /                                                        .
                                                O                                                        .
                                               /                                                        .
                                              O                                                        .
                                              |                                                        .
                                              O                                                        .
                                              |                                                        .
                                              O                                                        .
                                             /                                                        .
                      laki                  O                                                        .
                                           /                                                        .
                                          O                                                        .
                                          |                                                        .
                                          O                                                        .
                                          |                                                        .
                                          O                                                        .
                                          |                                                        .
                                          O                                                        .
                                          |                                                        .
                                          O                                                        .
                                           9                                                        .
                                            O                                                        .
                                            |                                                        .
                                            O                laki                                                        .
                                           /                                                        .
                                          O                                                        .
                                          |                                                        .
                                          O                                                        .
                                          |                                                        .
                                          O                                                        .
                                         /                                                        .
                                        O                                                        .
                                        |                                                        .
                                        O                                                        .
                                        |                                                        .
                                    O   O O                                                        .
                                    |  /  |                                                        .
                                O   O-O   O-O                                                        .
                                 9    |  /                                                        .
                      perrache    F-O O-O   O-O                                                        .
                                   9  |  9 /                                                        .
                                    O-O   O                                                        .
                                     /     9                                                        .
                                    O       O                                                        .
                                    |                                                        .
                                    O                                                        .
                                     9                                                        .
                                      O                                                        .
                                      |                                                        .
                                      O                                       las loren                                                                         .
                                     /                                                        .
                                    O                                                        .
                                    |                                                        .
                                    O                                                        .
                                    |                                                        .
              laki                  O                                                        .
                                   /                                                        .
                                  O                                                        .
                                  |                                                        .
                                  O                                                        .
                                   9                                                        .
                                    O                                                        .
                                    |                                                        .
                                    O                                                        .
                                     9                                                        .
                                      O                                                         .
                                      |                                                          .
                                                                                         .
                                   quenelles                                                                                                                                  .
                                                                                         .
                                                                                         .
                                                                                         .
                                                                                         .
                                 