...................................................n............................................................................................................................................................................................................
...................................................n............................................................................................................................................................................................................
...................................................n............................................................................................................................................................................................................
...................................................n............................................................................................................................................................................................................
...................................................n............................................................................................................................................................................................................
.................w.i.e.l.k.i.e...m.o.r.z.e...................................................n............................................................................................................................................................................................................
...................................................n............................................................................................................................................................................................................
............................................N...................................................n............................................................................................................................................................................................................
............................................|...................................................n............................................................................................................................................................................................................
..........................................N-N...O...................................................n............................................................................................................................................................................................................
............................................../......wies...................................................n............................................................................................................................................................................................................
..............................................O.O...................................................n............................................................................................................................................................................................................
..............................................|/...................................................n............................................................................................................................................................................................................
.......................................-O...O-O-O...................................................n............................................................................................................................................................................................................
............................................/|.....................................................n............................................................................................................................................................................................................
..........................................O-O.G...O-O...................................................n............................................................................................................................................................................................................
.........................................../..../...................................................n............................................................................................................................................................................................................
..........................................O...O-O...................................................n............................................................................................................................................................................................................
............................................./......................................................n............................................................................................................................................................................................................
............................................D...................................................n............................................................................................................................................................................................................
...................................................n............................................................................................................................................................................................................
...............................................l..a..s...................................................n............................................................................................................................................................................................................
....................................................................n............................................................................................................................................................................................................
...................................................n............................................................................................................................................................................................................
....................................................................n............................................................................................................................................................................................................
.........................................cmentarz...................................................n............................................................................................................................................................................................................
...................................................n............................................................................................................................................................................................................
............................................|...................................................n............................................................................................................................................................................................................
............................................O................................................pastwiska...................................................n............................................................................................................................................................................................................
................................................................................................n............................................................................................................................................................................................................
..............................................O...............O...................................................n............................................................................................................................................................................................................
..............................................|............../....................................................n............................................................................................................................................................................................................
..............................................O.............O...O.........O...................................................n............................................................................................................................................................................................................
...............................zwierzyniec....|............/............/.....................................................n............................................................................................................................................................................................................
..............................................O.........O-O.......O-O...O...O..l.a.s..........O-O-#..oxenfurt..................................................................n............................................................................................................................................................................................................
..................................|...........|......../............../..................../...................................................n............................................................................................................................................................................................................
..................novigrad..#-O---O---O---O---O---O---O---O...........O.......O-O-O-O.....O-O...................................................n............................................................................................................................................................................................................
......................................................|................................./...................................................n............................................................................................................................................................................................................
..............................................O.......O...............................O-O...................................................n............................................................................................................................................................................................................
..............................................................................................................................................n............................................................................................................................................................................................................
..............................................R-O-O-O-O-O........................................................................................n............................................................................................................................................................................................................
.............................................../|.....................................................n............................................................................................................................................................................................................
.................................laki.........O.O.O.O...................................................n............................................................................................................................................................................................................
................................................|...|....wies.ostrorog...................................................n............................................................................................................................................................................................................
...............................................-O...N...................................................n............................................................................................................................................................................................................
....................................................|...................................................n............................................................................................................................................................................................................
..............................................N-N-N-N...................................................n............................................................................................................................................................................................................
...................................................n............................................................................................................................................................................................................
...................................................n............................................................................................................................................................................................................
...................................................n............................................................................................................................................................................................................
..................................................rzeka.pontar...................................................n............................................................................................................................................................................................................
...................................................n............................................................................................................................................................................................................
...................................................n............................................................................................................................................................................................................
...................................................n............................................................................................................................................................................................................
.......................................................................................................n............................................................................................................................................................................................................
.......................................................................................................n............................................................................................................................................................................................................
