                                                                                                                                                                                                                                                 
                                                                                                                                                                                                                                                 
                                                                                                                                                                                                                                                 
                                                                                                                                                                                                                                                 
                                                                                                                                                                                                                                                 
                                                                                                                                                                               G     O-O-O                                                                                                                                                    
                                                                                                                                                                               |    / \                                   straznica                                                                                                             
                                                                                                                                                                             O-G---R-G O---O---O- ruiny                                           
                                                                                                                                                                             | |\ /|    \       \                              |                   
                                                                                                                                                                             | | O |     \       \                           O-O-  do ard carraigh 
                                                                                                                                                                             | |/ \|      \       \                         /                      
                                                                                                                                                                             | S---S---O  -O-Y     O                   O-O-O                              
         w                                                                                                                                                                   | |   |    \   \       \                 /                            
                                                                                                                                                                             O |   | O O O   \       \           O-O-O                             
         i                  O                                                                                                                                               / \|   | | | |    \       \         /                                  
                            |                                                                                                                                              V   O Z O O-O | P   O---O---O-O-#-O-O                                   
         e     plaza        S  O-G     blaviken                                                                                                                               /  |  \   \|/   /|       |      /                                    
                             \   |                                                                                                                   O   O-O       O-O       O---O   O---T---O | O     |     /                                     
         l                    O--O--O                                                                                                               / \ /   \     /   \       \     /    |     | |     |    /                                      
                             /|     |\                                                                                                 O-O-O-O     O   O     O-O-O     \       \   /     |     O-G-O-O O   /   gelibol                             
         k      N       O-R-O-O   O-O-O-O-#-O-O                                                                                       /       \   /                     O-O-#-O-O-O--S   |    /  ^   |/   /                                        
                 \       \|X| |   |     |      \                                             O-O   O-O-O               O-O       O-O-O         O-O                      |       |  \     O---O-B O   O O-O                                         
         i        N       S-S O-G O O-O-O       O                       O O O               /   \ /     \             /   \     /                                       |       |   \   /           / /|  \                                        
                  |      /    |      / /         \                       \|/           O-O-O     O       O-O   O   O-O     O-O-O                                        |       |    \ /           / / |   O                                         
         e        N     O O K-O     O O           O                   O O O---O       /                     \ / \ /                                                     |       O S   O   O-------O /  O                                           
                  |     | |   |      /|           |                   |  \|    \ O   O                       O   O                                                      |        \|    \ /         /  /|                                            
                  N     O-O G O-O---O O           O                   1-O O 1-G \ \  |                                                                                  |         O---O-O       U /  O |                                            
                   \    |/  |/|/                   \                  |    \  |  O-O-O                                                                                  |               |       |/     |                                            
         m          O---O-O-O O                     O                 O   O \ | /|                                                                                      |           O-O S O-----O      |                                            
                        |     |                      \                     \ \|/ |                                                                                      |          / \   /             |                                            
         o          O-O^O     P                       O-O                   O-O  O    wies sucha kepa                                                                   O O-G   O-O-O O-O----------O   O O-O                                        
                                                         \                 /  |\ |\                                                                                    / \  |  /       /|           \ / \|                                          
         r                                                O               O O-O \| O                                                                                  O   O-O-O O   O-O S            O   O-O                                        
               plaza                           l a s      |              /       O                                                                                       /     \ \ / \                                                             
         z                                                O             O       / \                                                                                     O-O   O-O-O   O                                                            
                                                           \           /       O   O                                                                                     / \ /                                                                     
         e                                                  O     O-O-O                                                                                               O-O   O                                                                      
                                                             \   /                                                                                    
                                                              O-O                                                                                     
                                                               /                                                                                                                                                                                   
                                                                                                                                                                                                                                                   
                                                       do tretogoru                                                                                                                                                                                
                                                                                                                                                                                                                                                   
                                                                                                                                                                                                                                                   
                                                                                                                                                                                                                                                   
                                                                                                                                                                                                                                                   
