...................................................n............................................................................................................................................................................................................
...................................................n............................................................................................................................................................................................................
...................................................n............................................................................................................................................................................................................
...................................................n............................................................................................................................................................................................................
............................................l.a.s...................................................n............................................................................................................................................................................................................
............................G.O-O-O-O...................................................n............................................................................................................................................................................................................
.........zachodnia.temeria..|.|.........................................................n............................................................................................................................................................................................................
............................F.O.......O.......O.......O...................................................n............................................................................................................................................................................................................
...........................|/............../....../....................................................n............................................................................................................................................................................................................
............................O...........O-O-O...O-O-O...O...................................................n............................................................................................................................................................................................................
............................|...............................................................................n............................................................................................................................................................................................................
............................O.............................O...................................................n............................................................................................................................................................................................................
.............................................................................................................n............................................................................................................................................................................................................
..............................O.............................O-O-O...................................................n............................................................................................................................................................................................................
...................................................................................................................n............................................................................................................................................................................................................
................................O.........l.a.s...................O-O-O...O...................................................n............................................................................................................................................................................................................
................................|......................................./....................................................n............................................................................................................................................................................................................
................................O.......................................O...O-O-O-O...................................................n............................................................................................................................................................................................................
....................l.a.s.......|....................................../..............................................................n............................................................................................................................................................................................................
................................O...............................O...O-O.............O-O-O-O-O...................................................n............................................................................................................................................................................................................
................................|...............................|../................................wyzima...................................................n............................................................................................................................................................................................................
................................O...............................O-O-O...oboz..................O-O...................................................n............................................................................................................................................................................................................
.............................../............................././................................./...................................................n............................................................................................................................................................................................................
..................................O...........................O.O-O...O...........................O-O...................................................n............................................................................................................................................................................................................
..................................|.............................|...............................................................................................................................n............................................................................................................................................................................................................
..................................O.............................O.....................................O..........................................................................................n............................................................................................................................................................................................................
................................./|...................................................................|..........................................................................................n............................................................................................................................................................................................................
................................/.O-O-O.....O.........................................................O..........................................................................................n............................................................................................................................................................................................................
.............................../..|.|......|......................................................../...........................................................................................n............................................................................................................................................................................................................
..............................O...|.|...O-O-O.......................................................O.....................................................n............................................................................................................................................................................................................
..............................|...|.|../....|.......................................................|...................................................n............................................................................................................................................................................................................
..............................O...O-O-O.....O^............................................wies..O.O.|...................................................n............................................................................................................................................................................................................
............................./.................................................................|/..|............................................................................................n............................................................................................................................................................................................................
............................O...O......winnice................................................O-O...O............................................................................................n............................................................................................................................................................................................................
............................../................................................................../............................................................................................n............................................................................................................................................................................................................
..............................O...................................................................O...O-O........................................................................................n............................................................................................................................................................................................................
..............................|................................................................../..............................................................................................n............................................................................................................................................................................................................
............................O-O.................................................................O.........O......................................................................................n............................................................................................................................................................................................................
.........................../.................................................................../................................................................................................n............................................................................................................................................................................................................
..........................O...................................................................O.............O....................................................................................n............................................................................................................................................................................................................
..........................|................................................................../..................................................................................................n............................................................................................................................................................................................................
..........................O...............................................................O-O.................O-O................................................................................n............................................................................................................................................................................................................
........................./................................................................|.....................................................................................................n............................................................................................................................................................................................................
........................O.....O...........................................................O.......................O..............................................................................n............................................................................................................................................................................................................
............................/...........................................................|.....................................................................................................n............................................................................................................................................................................................................
..........................O-O...O.........................................................O.........................O-O-O-O......................................................................n............................................................................................................................................................................................................
.............................../........................................................./......................................................................................................n............................................................................................................................................................................................................
..............................O.....................................................O-O-O...................................O....................................................................n............................................................................................................................................................................................................
..............................|..................................................../............................................................................................................n............................................................................................................................................................................................................
..............................O-O.............................................O...O.................O.......O-O...............O-O................................................................n............................................................................................................................................................................................................
............................................................................/../..................^....../....................................................................................n............................................................................................................................................................................................................
..................................O-O-O.........O-O.........................O...O.O...............O-O-O-F-O....zamek..............O-O............................................................n............................................................................................................................................................................................................
............................................../........................../......|............../....|X|.......................................................................................n............................................................................................................................................................................................................
........................................O...O-O.....O.................O-O-O.......G............./.....O-O.O-O-O.O.....................O-O........................................................n............................................................................................................................................................................................................
........................................|../......................../......................../...........|...|...............................................................................n............................................................................................................................................................................................................
........................................O-O...........O...........O-O...............O-O---O.S./...........O-1...1.........................O......................................................n............................................................................................................................................................................................................
.....................................................|........../.....maribor.....|X|....|/............|...............................|......................................................n............................................................................................................................................................................................................
............................................O.........O.....O-O-O...O.............U-O-O-O...O.G.......O...O...............................O......................................................n............................................................................................................................................................................................................
..................................................../...../........|................|.....|.|.......|.........................................................................................n............................................................................................................................................................................................................
..............................................O-O...O...../.........O..........O.V-O.O--O--O-O-O---O-O-#-O-O...............................O-..poludniowy.mahakam............................................................n............................................................................................................................................................................................................
............................................./..../.....O..........|..O........|...|.|.....|.........|.........................................................n............................................................................................................................................................................................................
............................................O.....O...../...........O........O.G.O-O-O.O^O-T-O-O.....O.......O-O.......................................................................n............................................................................................................................................................................................................
....................................................../.....................|.|...|.......|...|...................................................................n............................................................................................................................................................................................................
....................................................O-O...................O-#-O-O-O-O-O...O-O-B.O-O-#.wiezienie...O.......O-O-O-O........bagna...................................................n............................................................................................................................................................................................................
.............................................................................|.....|.....|.....|......................./...........................................................n............................................................................................................................................................................................................
.............................................................................O...P-O--O--O-O-O-O...................O-O-O.........O-O...................................................n............................................................................................................................................................................................................
...................................................................................|.....|...|.|...................................../.............................................................n............................................................................................................................................................................................................
...................................................................................K.....O...S.S.....................................O-O-..poludniowy.mahakam................................................................n............................................................................................................................................................................................................
.........................................................................................|...................................................n............................................................................................................................................................................................................
............................................................O...........................O-O-O...............................................................................................n............................................................................................................................................................................................................
......................................................................................../.............................................................................n............................................................................................................................................................................................................
...................................................................................O...#..............................................................................n............................................................................................................................................................................................................
...................................................................................../...............................................................................n............................................................................................................................................................................................................
.............................................................................O.......O................................................................................n............................................................................................................................................................................................................
............................................................................/....../................................................................................................................n............................................................................................................................................................................................................
..................................................................O----O----O...O---O................................................................................................................n............................................................................................................................................................................................................
................................................................./............................................................................................................................n............................................................................................................................................................................................................
.............................................................................................................................................n............................................................................................................................................................................................................
.............................................................brugge...................................................................n............................................................................................................................................................................................................
.............................................................................................................................................n............................................................................................................................................................................................................
.............................................................................................................................................n............................................................................................................................................................................................................
.............................................................................................................................................n............................................................................................................................................................................................................
.............................................................................................................................................n............................................................................................................................................................................................................
