



                                                       ^ 
                                                   O---O---O
                                                  / \  |  / \
                                                 O   O S I   2
                                                / \         / \      twierdza mons arx          
                                               /   S-O     G   \
                 do zachodniego mahakamu      O               K-O^O
                                              | W O           | |      2 O
                          |                   |/  |           | |       \|
                          O-O-O-O-O-O-O-O^O-#-1---O^S         O O^M^L    O
                          |                   |^  |           | |       /|
                          O                   | P B           | |      3 O
                          |              1    O               K-O^U
                          O              |     \   S-O     S   /
                         /             O-O-O    \ /         \ /
                        O                |       O   V Z O   3
                        |              O-O-O      \ /  |  \ /
                        O                |         O---O---O
                        |              O-O-O           ^
                        O                | 
                         \               G^O
                          O
                          |
                          O
                          |
                          O
                         /
                        O               
                        |
                        O
                        |          
                        O        pasmo korundow  
                         \         
                          O        
                           \       
                            O      
                            |      
                            O      
                           /       
                          O        
                          |                do wschodniego mahakamu
                          O        
                           \                        ^             
                            O                       O-O-O-O       O-O-O
                           /                       /       \     /    |
                          O                   O-O-O         O-O-O     O             O-O
                         /                   /  |                      \           /   \
       do poludniowej  -O         bagna     O   | O                     O-O-O     O     
           temerii       \                 /    |  \                         \   /    do rivii  
                          O-O-O           O   O-O---O                         O-O       
                               \   /      |
                                O-O       O
                                  |      /
                                  O-O   O
                                     \ /
                                      O
                                      |
                                      O
                                     /
                                O-O-O-O
                               /       \
             do poludniowej  -O         O
                 temerii                |
                                        O-O
                                           \
                                            O
                                             \
                                              O-O
                                                |
                                                O
                                                 \
                                                  O-  do lyrii
                                                   
                                                   
                                                   
                                                   
                                                   
