




                                                                      O-  do tretogoru                                   
                                                   l a s             /                                    
                                                                    O                                     
                                                                   /                                      
                                                              O-O-O                                           
                                                             /                                            
                                                            O                                             
                                                           / \                                             
                                                        O-O   O                                              
                                                       /       \                                           
                                                    O-O                                                   
                                                   /         wyrabisko                                             
                                                O-O                                                        
                               do oxenfurtu    /                                                                    
                                              O                                                           
                                           \ /                                                              
                          O                 O
              piana       |                /|
                      P   O-O             / O
                       \ /  |\           /  |                                                                            do wschodniej redanii          
                      O-O   G O-O-O-O-#-O   O                                                                                     
                     /   \  |    /         / \                                                                                   /
                    O O S-O O   O O       N   O                                                                                 O 
                     \|    \   / \|            \                                                                               /       
                      O O   O-O   O             O                                                                             O   
                     / \|  /   \               /                                                                             /    
                    N   O-O-O                 O                                                                           O-O
                       /|  \   koszary       /                                                                           /
                      N G   N               O    l a s                                                                  O
                                             \                                                                         /
                                              O                                                                   O   O 
                                               \                                                                 / \ /
                    rzeka pontar                O-O                                                           O-O   O
                                                   \                                                         /
                                                    O     pola                                  G           O
                                                     \                                          |          /
                                                      O-O                                       O-O-O     O
                                                         \                                     /     \   /
                                                          O                           O-O     O       O-O
                                                           \                         /   \   /
                                                            O                       O     O-O
                                                            |                      /
                                                            O                     O
                                                            |  bialy most        /
                                                          S O                   O
                                                          | |                  /
                                                          O-O-O               O
                                                         /  |  \             /
                                                        O-G O-O O     O     O
                                                         \  | | |    / \   /
                                                          O-O-O-O-O-O   O-O
                                                         /  |   |
                                                        N   |   O   O O 
                                                          O-O    \  ^ | 
                                                            |     O-O-O-O 
                                                            |         |
                                                            |         O
                                                     rzeka  O  pontar  
                                                            |    
                                                              
                                                        do wyzimy      

                                                        
                                                        
                                                        
                                                        
