




                                                                      O-  tretogor                                 
                                                   l a s             /                                    
                                                                    O                                     
                                                                   /                                      
                                                              O-O-O                                           
                                                             /                                            
                                                            O                                             
                                                           / 9                                             
                                                        O-O   O                                              
                                                       /       9                                           
                                                    O-O                                                   
                                                   /         wyrebisko                                             
                                                O-O                                                        
                                   oxenfurt    /                                                                    
                                              O                                                           
                                           9 /                                                              
                          O                 O
              piana       |                /|
                      P   O-O             / O
                       9 /  |9           /  |                                                                               wschodnia redania          
                      O-O   G O-O-O-O-#-O   O                                                                                     
                     /   9  |    /         / 9                                                                                   /
                    O O S-O O   O O       N   O                                                                                 O 
                     9|    9   / 9|            9                                                                               /       
                      O O   O-O   O             O                                                                             O   
                     / 9|  /   9               /                                                                             /    
                    N   O-O-O                 O                                                                           O-O
                       /|  9   koszary       /                                                                           /
                      N G   N               O    l a s                                                                  O
                                             9                                                                         /
                                              O                                                                   O   O 
                                               9                                                                 / 9 /
                    rzeka pontar                O-O                                                           O-O   O
                                                   9                                                         /
                                                    O     pola                                  G           O
                                                     9                                          |          /
                                                      O-O                                       O-O-O     O
                                                         9                                     /     9   /
                                                          O                           O-O     O       O-O
                                                           9                         /   9   /
                                                            O                       O     O-O
                                                            |                      /
                                                            O                     O
                                                            |  bialy most        /
                                                          S O                   O
                                                          | |                  /
                                                          O-O-O               O
                                                         /  |  9             /
                                                        O-G O-O O     O     O
                                                         9  | | |    / 9   /
                                                          O-O-O-O-O-O   O-O
                                                         /  |   |
                                                        N   |   O   O O 
                                                          O-O    9  ^ | 
                                                            |     O-O-O-O 
                                                            |         |
                                                            |         O
                                                     rzeka  O  pontar  
                                                            |    
                                                              
                                                          wyzima      

                                                        
                                                        
                                                        
                                                        