...................................................n............................................................................................................................................................................................................
...................................................n............................................................................................................................................................................................................
...................................................n............................................................................................................................................................................................................
...................................................n............................................................................................................................................................................................................
.......................................................^....................................................n............................................................................................................................................................................................................
...................................................O---O---O...................................................n............................................................................................................................................................................................................
................................................../...|../....................................................n............................................................................................................................................................................................................
.................................................O...O.S.I...2...................................................n............................................................................................................................................................................................................
................................................/........../.......twierdza.mons.arx.............................................................n............................................................................................................................................................................................................
.............................................../...S-O.....G......................................................n............................................................................................................................................................................................................
....................zachodni.mahakam..........O...............K-O^O...................................................n............................................................................................................................................................................................................
..............................................|.W.O...........|.|......2.O...................................................n............................................................................................................................................................................................................
..........................|...................|/..|...........|.|.......|...................................................n............................................................................................................................................................................................................
..........................O-O-O-O-O-O-O-O^O-#-1---O^S.........O.O^M^L....O...................................................n............................................................................................................................................................................................................
..........................|...................|^..|...........|.|......./|...................................................n............................................................................................................................................................................................................
..........................O...................|.P.B...........|.|......3.O...................................................n............................................................................................................................................................................................................
..........................|..............1....O...............K-O^U...................................................n............................................................................................................................................................................................................
..........................O..............|........S-O.....S.../...................................................n............................................................................................................................................................................................................
........................./.............O-O-O...../........../...................................................n............................................................................................................................................................................................................
........................O................|.......O...V.Z.O...3...................................................n............................................................................................................................................................................................................
........................|..............O-O-O......./..|.../...................................................n............................................................................................................................................................................................................
........................O................|.........O---O---O...................................................n............................................................................................................................................................................................................
........................|..............O-O-O...........^...................................................n............................................................................................................................................................................................................
........................O................|....................................................n............................................................................................................................................................................................................
........................................G^O...................................................n............................................................................................................................................................................................................
..........................O...................................................n............................................................................................................................................................................................................
..........................|...................................................n............................................................................................................................................................................................................
..........................O...................................................n............................................................................................................................................................................................................
..........................|...................................................n............................................................................................................................................................................................................
..........................O...................................................n............................................................................................................................................................................................................
........................./...................................................n............................................................................................................................................................................................................
........................O..................................................................n............................................................................................................................................................................................................
........................|...................................................n............................................................................................................................................................................................................
........................O...................................................n............................................................................................................................................................................................................
........................|.............................................................n............................................................................................................................................................................................................
........................O........pasmo.korundow.....................................................n............................................................................................................................................................................................................
.....................................................................................n............................................................................................................................................................................................................
..........................O...........................................................n............................................................................................................................................................................................................
.....................................................................................n............................................................................................................................................................................................................
............................O.........................................................n............................................................................................................................................................................................................
............................|.........................................................n............................................................................................................................................................................................................
............................O.........................................................n............................................................................................................................................................................................................
.........................../..........................................................n............................................................................................................................................................................................................
..........................O...........................................................n............................................................................................................................................................................................................
..........................|................wschodni.mahakam...................................................n............................................................................................................................................................................................................
..........................O...........................................................n............................................................................................................................................................................................................
...................................................^................................................................n............................................................................................................................................................................................................
............................O.......................O-O-O-O.......O-O-O...................................................n............................................................................................................................................................................................................
.........................../......................./............/....|...................................................n............................................................................................................................................................................................................
..........................O...................O-O-O.........O-O-O.....O.............O-O...................................................n............................................................................................................................................................................................................
........................./.................../..|................................./......................................................n............................................................................................................................................................................................................
....poludniowa.temeria.-O.........bagna.....O...|.O.....................O-O-O.....O........................................................n............................................................................................................................................................................................................
........................................../....|............................../....lyria.i.rivia....................................................n............................................................................................................................................................................................................
..........................O-O-O...........O...O-O---O.........................O-O..........................................................n............................................................................................................................................................................................................
................................../......|...................................................n............................................................................................................................................................................................................
................................O-O.......O...................................................n............................................................................................................................................................................................................
..................................|....../...................................................n............................................................................................................................................................................................................
..................................O-O...O...................................................n............................................................................................................................................................................................................
....................................../...................................................n............................................................................................................................................................................................................
......................................O...................................................n............................................................................................................................................................................................................
......................................|...................................................n............................................................................................................................................................................................................
......................................O...................................................n............................................................................................................................................................................................................
...................................../...................................................n............................................................................................................................................................................................................
................................O-O-O-O...................................................n............................................................................................................................................................................................................
.............................../..........................................................n............................................................................................................................................................................................................
.........poludniowa.temeria..-O.........O...................................................n............................................................................................................................................................................................................
........................................|...................................................n............................................................................................................................................................................................................
........................................O-O...................................................n............................................................................................................................................................................................................
..............................................................................................n............................................................................................................................................................................................................
............................................O...................................................n............................................................................................................................................................................................................
................................................................................................n............................................................................................................................................................................................................
..............................................O-O...................................................n............................................................................................................................................................................................................
................................................|...................................................n............................................................................................................................................................................................................
................................................O...................................................n............................................................................................................................................................................................................
....................................................................................................n............................................................................................................................................................................................................
..................................................O-..lyria.i.rivia...................................................n............................................................................................................................................................................................................
......................................................................................................n............................................................................................................................................................................................................
......................................................................................................n............................................................................................................................................................................................................
......................................................................................................n............................................................................................................................................................................................................
......................................................................................................n............................................................................................................................................................................................................
