



               O-O-O-O
               |/     9      kaer hemdall           
               O O-O   O   
              /|/   9  |
             O-O O-O O O-N
              9   9 / /
               O-O O O
                  9 /
                   O
                  / 9
                 O   O    
                 
                 
                 
                 
                 
                 
                     O
                     |       hindarsfjall           
             N^O^O-O-O   
             
             
             
             
             
             
             O       O
             |        9      faroe          
             O-O   G   O
               |9  |   |
             P-O O-O   O
                9|  9 /
                 O-O-O
                 |9   9
               O-O-O   O
              /| |     |
             O O N     O
             |        /
             O     O-O
              9
               O
               
               
               
               
               