


                              rzeka brienne

                                    N
                                    |
                                    O
                                    |
                                    O
                                     \
                                      O
                                       \
                                        O
                                         \
                                          O
                                           \
                                            O
                                            |
                                            O
                                             \
                                              O
                                              |
                                              O
                                               \
                                                O
                                                 \
                                                  O
                                                   \
                                                    O O     N
                                                     \|     |
                                                    O O   O O     marguilles
                                                     \|  /  |
                                                      O-O   O O-O
                                                     /   \ /  |
                                                    O     O-O-O
                             l a s                        |    \
                                                          O     G-O
                                                           \
                                                            O
      warownia                                              |
                                                            O
        |                                                   |
        O                                                   O
         \                                                   \
         -O-O-O                                               O
               \                                               \
                O                                               O
                 \                                              |
                  O-O-O   O-O-O                                 O
                       \ /     \                                 \
                        O       O                                 O
                                 \                                 \
                                  O-O                             O O
                                    |                             |  \
                                    O                         O O O-O O
                                     \                         \| |   |     salignac la rouge
                                      O                     O O-O-O   O O
                                       \                     \ /   \  |/
                                        O                   O-F O   O-O   O
                                        |                      \ \ / / \  |
                                        O                   O   O-O-T P-O-O
                                         \                   \ / /| |  /
                                          O                   O G O-O-O
                                           \                 / / / /|  \
                                            O-O             O G / S O O-O-O
                                               \              |/         \
                                                O             O-O         O-O
                                                 \           /               \
                                                O-O       O-O                 O
                                               /   \     /                     \
                                  O         O-O     O O-O                       O
                                  |\        |       |/                           \             las loren
                 gory irrana      O O O-O   O       O                             O
                                 /   \|  \ /                                       \
                                O     O   O                                         O
                               /                                                     \
                              O                                                       O
                              |                                                        \            |
                            O^O                                                         O-O-O-O-O-O-O
                           /                                                            |            \
                          O                                                             O-O           O
                           \                                                  zajazd    |              \
                            O                                                         G-1  O-1          O
                           /                                                            |                \
                        O^O                                                             O                 O-O-O-O-O-O-O
                        |                  gory irrana                                                                 \
                        O                                                                                               O
                       /                                                                                                 \
                      O                                                                                                   O
                     /                                                                                                     \
                                                                                                                            O
                 do tilei                                                                                                   |
                                                                                                                 l a s      O
                                                                                                                            |
                                                                                                                            O
                                                                                                                            |
                                                                                                                            O
                                                                                                                             \

                                                                                                                            do imperium                 
                                                                                                                            
                                                                                                                            
                                                                                                                            
                                                                                                                            
                                                                                                                            
