...................................................
...................................................
...................................................
................................quenelles...................................................
...................................................
....................................N...................................................
....................................|...................................................
....................................O...................................................
....................................|...................................................
....................................O...................................................
.....................................9...................................................
......................................O...................................................
.......................................9...................................................
........................................O...................................................
.........................................9..........rzeka...................................................
..........................................O...................................................
...........................................9.................brienne...................................................
............................................O...................................................
............................................|...................................................
............................................O...................................................
.............................................9...................................................
..............................................O...................................................
..............................................|...................................................
..............................................O...................................................
...............................................9...................................................
................................................O...................................................
.................................................9...................................................
..................................................O...................................................
...................................................9...................................................
....................................................O.O.....N...................................................
.....................................................9|.....|...................................................
....................................................O.O...O.O.....marguilles...................................................
.....................................................9|../..|...................................................
......................................................O-O...O.O-O...................................................
...................................................../...9./..|...................................................
....................................................O.....O-O-O...................................................
.............................l.a.s........................|....9...................................................
..........................................................O.....G-O...................................................
...........................................................9...................................................
............................................................O...................................................
......warownia..............................................|...................................................
............................................................O...................................................
........|...................................................|...................................................
........O...................................................O...................................................
.........9...................................................9...................................................
.........-O-O-O...............................................O...................................................
...............9...............................................9...................................................
................O...............................................O...................................................
.................9..............................................|...................................................
..................O-O-O...O-O-O.................................O...................................................
.......................9./.....9.................................9...................................................
........................O.......O.................................O...................................................
.................................9.................................9...................................................
..................................O-O.............................O.O...................................................
....................................|.............................|..9...................................................
....................................O.........................O.O.O-O.O...................................................
.....................................9.........................9|.|...|.....salignac.la.rouge...................................................
......................................O.....................O.O-O-O...O.O...................................................
.......................................9.....................9./...9..|/...................................................
........................................O...................O-F.O...O-O...O...................................................
........................................|......................9.9././.9..|...................................................
........................................O...................O...O-O-T.P-O-O...................................................
.........................................9...................9././|.|../...................................................
..........................................O...................O.G.O-O-O...................................................
...........................................9................././././|..9...................................................
............................................O-O.............O.G./.S.O.O-O-O...................................................
...............................................9..............|/.........9...................................................
................................................O.............O-O.........O-O...................................................
.................................................9.........../...............9...................................................
................................................O-O.......O-O.................O...................................................
.............................................../...9...../.....................9...................................................
..................................O.........O-O.....O.O-O.......................O...................................................
..................................|9........|.......|/...........................9.............las.loren...................................................
.................gory.irrana......O.O.O-O...O.......O.............................O...................................................
................................./...9|..9./.......................................9...................................................
................................O.....O...O.........................................O...................................................
.............................../.....................................................9...................................................
..............................O.......................................................O...................................................
..............................|........................................................9............|...................................................
............................O^O.........................................................O-O-O-O-O-O-O...................................................
.........................../............................................................|............9...................................................
..........................O.............................................................O-O...........O...................................................
...........................9..................................................zajazd....|..............9...................................................
............................O.........................................................G-1..O-1..........O...................................................
.........................../............................................................|................9...................................................
........................O^O.............................................................O.................O-O-O-O-O-O-O...................................................
........................|..................gory.irrana.................................................................9...................................................
........................O...............................................................................................O...................................................
......................./.................................................................................................9...................................................
......................O...................................................................................................O...................................................
...................../.....................................................................................................9...................................................
............................................................................................................................O...................................................
.............polnocna.tilea.................................................................................................|...................................................
.................................................................................................................l.a.s......O...................................................
............................................................................................................................|...................................................
............................................................................................................................O...................................................
............................................................................................................................|...................................................
............................................................................................................................O...................................................
.............................................................................................................................9...................................................
...................................................
............................................................................................................................wissenland....................................................................
...............................................................................................................................................................................
...............................................................................................................................................................................
...............................................................................................................................................................................
...............................................................................................................................................................................
...............................................................................................................................................................................
