




............................|
...............O^...........O..................O
................9...........|..................|
.................O...O------O----O-O.O-S.......O
..................9./.......|.......9|......../
...................O........O.O----O.O.....O.O.....palac			
...................|9........9|....|/|..../...9
...................|.9........F....O.O---O.....O-O-O-O
...................|..9.......|....|......9......|
.................O-O-W.O-G....O-S..P.......9.....O
.................|..9..|....................9.../
.................B...9.|....S................O#O
......................9|....|....scala....../
.....................G-O----O............../
.......................|....|9............/
...................O.O.|....|.O-O----O---O
....................9|.|....|
...................K-O-O----O-S.K.O
.....................|......|../...9
.....................M......O-O-----O-O
.............................9.......9
..............................O-O-O...S
..................................|
..................................#

..............................lyria.i.rivia



...............................
...............................