                                                                                                                                              .
                                                                                                                                              .
                                                                                                                                              .
                                                                                                                                              .
                                                                                                                   polnocna redania                                                                .
                                                                                                                                              .
                                                                                                                         /                                                        .
                                                                                                                        O                                                        .
                                                                                                                        |                                                        .
                                                                                                                        O                                                        .
                                                                                                                       /                                                        .
                                                                                                                O-O-O-O                                                        .
                                                                                                               /                                                        .
                                                                                                              O                                                        .
                                                                                                             /                                                        .
                                                                                                    O     O-O                                                        .
                                                                                                   / 9   /                                                        .
                                                                                                O-O   O-O                                                        .
                                                                                               /                                                        .
                                                                                          O-O-O                                                        .
                                                                                         /                                                        .
                                                                                      O-O                                                                .
                                                                                     /                                                                 .
                                                                                    O                                                                  .
                                                                                   /                                                                   .
                                                                                  O                                                                    .
                                                                                 /                                                                     .
                                                                                O     O   O                                                               .
                                                                                |    / 9 / 9                                                              .
                                                                                O-O-O   O   O                                                          .
                                                                                             9                                                         .
                                                                                              O                                                                                             .
                                                                                               9                                                                                            .
                                                                                                O                                                                                           .
                                                                                                |                                                                                           .
                                                                                                O                                                                                           .
                                                                                                 9                                                                                          .
                                                                                                  O                                                                                         .
                                                                                                  |                                                                                         .
                                                                                                  O                                                                                         .
                                                                                                   9                                                                                        .
                                                                                                    O                                                                                       .
                                                                                                    |                                                                                       .
                                                                                                    O                                                                                       .
                                                                                                   /                                                                                        .
                                                                                                  O                                                                                         .
                                                                                                  |                                                                                         .
                                                                                                  O                                                                                         .
                                                                                                   9                                                                                        .
                                                                                                    O                                                                                       .
                                                                                                     9                                                                                      .
                                                                                                      O                                                                                     .
                                                                                                     / 9                                                                                    .
                                                                                                    /   9 O     O-O O                                                                       .
                                                                                                   /     9|9     9  |   chram                                                               .
                                                                                                  O  O  O-O O     O-O-O                                                                     .
                                                                                                  |  |   9        |                                                                         .
                                                                                                O-O--G    O O O-O-O-O-O                                                                     .
                                                                                                 /|  ^   /|9|/|      9|                                                                     .
                                                                                                O O  O  O O O O       O                                                        .
                                                                                                |  9      | |                                                            .
                                                                                                |   O-----O O                                                        .
                                                                                                |   |      /|                                                                               .
                                                                                                O-O |     / O                                                                               .
                                                                                                 9  |    /                                                                                  .
                                                                                                  O-O---O                                                         .
                                                                                               O / /|  /|                                                        .
                                                                                               |/ O | / O                                                         .
                                                                                               O    |/                                                                                      .
                                                                                                9   O                                                                                       .
                                                                                                 9 /|9                                                                                      .
                                                                  tretogor                        O O O                                                                                     .
                                                                                                  |   |                                                                                     .
                                                                                                  O   O                                                                                     .
                                                                                                     /                                                                                      .
                                                                                    zajazd  U       O                                                                                       .
                                             wieza                                |         |      /                                                                                        .
                                                                                  1-O     O-O     O                                                                                         .
                                              #                                   |      /| |     |                                                                                         .
                                              O-O-O-O       O                     O-O   O 1-O     O                                                                                         .
                                                     9     /                      |     |/|      /                                                                                          .
                                                      O   O                       O O   O O-O   O                                                                                           .
                                                       9 / 9                         9 /       /                                                                                            .
                                                        O Z-O                       O-O---O---O                                                                                             .
                                                       /    |                       |  9                                                                                                    .
                                                      O     O O                     O   O-O   O                                                                                             .
                                                      |    / 9|                    /       9 / 9                                                                                            .
                                                    O-O   O   O-----O       O-----O         O   O-O                                                                                         .
                                                   /           9   / 9      |9   / 9               9                                                                                        .
                                                  O             9 O-O 9 S O-O O /   O               O                                                                                       .
                                                  | wies         9|    9|/   9 /                     9                                                                                      .
                                                  O               O-O   O     O                                                                                                             .
                                                  |                  9 / 9    |                 wschodnia redania                                                                       .
                                                  O                   O   G-O O                                                                                                             .
                                                 /                                                                                                                                          .
                                                O                                                                                                                                           .
                                                |                                                                                                                                           .
                                                O                                                                                                                                           .
                                               /                                                                                                                                            .
                                            O-O                                                                                                                                             .
                                            |                                                                                                                                               .
                                        O-O-O                                                                                                                                               .
                                       /                                                                                                                                                    .
                                    O O                                                                                                                                                     .
                                   / 9|                                                                                                                                                     .
                                  O   O                                                                                                                                                     .
                                 /                                                                                                                                                          .
                            O-O-O                                                                                                                                                           .
                           /                                                                                                                                                                .
      poludniowa redania -O                                                        .
                                                        .
                                                        .
                                                        .
                                                        .
                                                        .
                                                        .
                         