...................................................
...................................................
...................................................
...................................................
...................................................
.................................................pasmo.zaporowych.wierchow.......................................................................................................................................................
..............................................................................................
.......................................................................................................................................................................................................................
.........................................O-O.......O..............................................................................................................................................
.........................................^..9...../.9.............................................................................................................................................
.........................................O...O^O-O...O-O..........................................................................................................................................
......................................../..............^..........................................................................................................................................
.................zachodni.mahakam...^O-O...............O-O-O-O-O-O-O-O............................................................................................................................
.....................................................................^............................................................................................................................
.....................................................................O.......................................................................................................................
......................................................................9........................................................................................................................
.......................................................................O...................................................................................................................
....................................................................../..................................................................................................................
.....................................................................O........................................................................................................................
.....................................................................|...................................................................................................................
.....................................................................O............................................................................................................................
..................................................................../...................................................................................................................
...................................................................O^O.......................................................................................................................
......................................................................9...............................................................................................................
.......................................................................O....................................................................................................................
.......................................................................|..............................................................................................................
.......................................................................O................................................................................................................
........................................................................9...............................................................................................................
.........................................................................O^O.............................................................................................................
........................................................................../.................................................................................................................
.........................................................................O.................................................................................................................
.........................................pasmo.krysztalowych.mgiel.......|.............................................................................................................
.........................................................................O.............................O-O^O-O-O-O-O-..hagge...................................................
.........................................................................|.............................|.........................................................................
.........................................................................O...........................O-O.........................................................................
......................................................................../............................|...................................................
.......................................................................O^O...................O^O^O-O^O....................................................
.........................................................................|................../....................................................................................
.........................................................................O.............O-O-O.....................................................................................
.........................................................................|.............|.........................................................................................
.........................................................................O.............O.....O...................................................................................
.........................................................................|.............|....^.9..................................................................................
.........................................................................O^O-O-O-O-O-O^O-O-O...O...O.............................................................................
.......................................................................................|........9./.9............................................................................
.......................................................................................O.........O...O-O^O....................................................................
....................................................................................../..................|......................................................................
.....................................................................................O...................O......................................................................
......................................................................................9................./......................................................................
.......................................................................................O.......O^O...O-O..........................................................................
........................................................................................9.......9.9./............................^.........^.......^....................................................
.......................................................................................O^O.......O.O.............................O---O---O-O-O-O---O....................................................
........................................................................................9.........9..............................|9./....|.|.|..9./|....................................................
.........................................................................................O.........O...O^O^O^O...O...............|.O-O-G.O.O.O.O-O.|....................................................
.........................................................................................|.........|.........|../.9..............|/|...|.|..../..|9|....................................................
.........................................................................................O.........O.........O^O...O.............O.O-S.O.O...O...O.O....................................................
.........................................................................................|..........................9............|.|...............|...twierdza.craag.ros...............................................................
.........................................................................................O...........................O...........|.B.O.........O^L-O....................................................
......................................................................................../.........................../......^.....|...|.............|....................................................
...................................................................................O-O-O...........................O-O-O...O-O#O-2...2-........O.M^O^...................................................
................................................................................../......................................./......|.............^...|....................................................
.................................................................................O.......................................O.......|.K.P.......O-O---O....................................................
................................................................................/........................................^.......|.|/..............|....................................................
...............................................................................O.........................................O.......O.O.G^O.....O.O-O.O....................................................
................................................................................9.........................................9......|9|.|9.......9..|/|....................................................
.................................................................................O.........................................O.....|.O-O.O.O.O.O.O-O.|....................................................
..................................................................................9........................................^.....|/.9....|.|.|../.9|....................................................
...................................................................................O.......................................O.....O---O---O-O-O-O---O....................................................
...................................................................................|....................................../......^.........^.......^....................................................
...................................................................................O.....................................O..............................................................................
...................................................................................|......................................9.............................................................................
...................................................................................O.......................................O............................................................................
................................................................................../......................................./.............................................................................
.................................................................................O.......................................O..............................................................................
..................................................................................9......................................^..............................................................................
...................................................................................O^O^O^O...............................O-O............................................................................
..........................................................................................9................................^............................................................................
...........................................................................................O^O.............................O-O..........................................................................
..............................................................................................9..............................^..........................................................................
...............................................................................................O-O-O.........................O-O........................................................................
....................................................................................................9...........................9.......................................................................
.....................................................................................................1...........................1......................................................................
.....................................................................................................^...................................................
............................................................................................................................................................................
.............................................................................................poludniowy.mahakam...................................................
............................................................................................................................................................................
............................................................................................................................................................................
............................................................................................................................................................................
............................................................................................................................................................................
