...................................................n............................................................................................................................................................................................................
...................................................n............................................................................................................................................................................................................
...................................................n............................................................................................................................................................................................................
.............................................tretogor...................................................n............................................................................................................................................................................................................
...................................................n............................................................................................................................................................................................................
...............................................................................................................................n............................................................................................................................................................................................................
.............................................O-O-O-O...................................................................................n............................................................................................................................................................................................................
............................................/....................................................................................n............................................................................................................................................................................................................
...........................................O.....................................................................................n............................................................................................................................................................................................................
........................................../......................................................................................n............................................................................................................................................................................................................
.........................................O.......................................................................................n............................................................................................................................................................................................................
......................................../........................................................................................n............................................................................................................................................................................................................
.......................................O.........................................................................................n............................................................................................................................................................................................................
.......................................|...w......................................................................................n............................................................................................................................................................................................................
.......................................O.........................................................................................n............................................................................................................................................................................................................
....................................../....a......................................................................................n............................................................................................................................................................................................................
.....................................O...........................................................................................n............................................................................................................................................................................................................
..........................................w.....................................................................................n............................................................................................................................................................................................................
.......................................O.........................................................................................n............................................................................................................................................................................................................
.......................................|...o......................................................................................n............................................................................................................................................................................................................
.......................................O.........................................................................................n............................................................................................................................................................................................................
.......................................|...z......................................................................................n............................................................................................................................................................................................................
.......................................O.........................................................................................n............................................................................................................................................................................................................
.......................................|.........................................................................................n............................................................................................................................................................................................................
.......................................O.........................................................................................n............................................................................................................................................................................................................
...............................................................................................................................n............................................................................................................................................................................................................
.........................................O......................laki.................................................................n............................................................................................................................................................................................................
................................................................................................................................n............................................................................................................................................................................................................
...........................................O........................................................................n............................................................................................................................................................................................................
...........................................|...............././...................................................n............................................................................................................................................................................................................
...........................................O-O.............O-O...................................................n............................................................................................................................................................................................................
........................................................./..../...................................................n............................................................................................................................................................................................................
...............................................O-O--O--O-O...O-F-O.O...................................................n............................................................................................................................................................................................................
...............................................|............../../...................................................n............................................................................................................................................................................................................
.................................O.............#.............O...O...O...................................................n............................................................................................................................................................................................................
.................................|............|................/../...................................................n............................................................................................................................................................................................................
.............................O...O..O.G...O...O...............O...O...O...................................................n............................................................................................................................................................................................................
................................|..|.|../....|....rinde............/...................................................n............................................................................................................................................................................................................
...............................#.O...O-O-O-O...O.....................O...................................................n............................................................................................................................................................................................................
..................................^.|.......|..................../....................................................n............................................................................................................................................................................................................
.................................O-O.O-U.O-O...O....G............G-O...O...................................................n............................................................................................................................................................................................................
.................................../....||...|....|..................|....................................................n............................................................................................................................................................................................................
...................................O.....O.O-O.O-O--O--O.....G.........O...................................................n............................................................................................................................................................................................................
................................../.....|/..|.|.........../..........|...................................................n............................................................................................................................................................................................................
.................................O......O.G-O.O.......S-O-O...........O...................................................n............................................................................................................................................................................................................
......................................O...../......../............/...................................................n............................................................................................................................................................................................................
...........................O..............O.O...O...S-O............O...................................................n............................................................................................................................................................................................................
...........................|......Z.O...O.../......../.......F...../...................................................n............................................................................................................................................................................................................
.........................O-1-O.....|.|.../......../......./|....O...................................................n............................................................................................................................................................................................................
................................O.O.O-O-O-O....B-O..O......^O.O....|...................................................n............................................................................................................................................................................................................
...........................O.....^/...../....|.../......../.....O...................................................n............................................................................................................................................................................................................
...........................^......O...../...O--O--O........O......|...................................................n............................................................................................................................................................................................................
.........................O-2-O.O.....O.O....|.....|....O....|......O...................................................n............................................................................................................................................................................................................
...............................|...././.....|.....|........|......|...................................................n............................................................................................................................................................................................................
...........................O-#-O-O-O-O....P-O.O-1-T......O--O--O-#-O...................................................n............................................................................................................................................................................................................
........................../|...............|.....|...../.....|...|...................................................n............................................................................................................................................................................................................
......poludniowa.redania...|.wiezienie.O....|.....|....O...O-O.O...|.O-O-O...................................................n............................................................................................................................................................................................................
...........................O........../....O--O--O.../....|.......O.........................................................n............................................................................................................................................................................................................
...........................|......../..../...|..../.....O.......|.......O...................................................n............................................................................................................................................................................................................
...........................|........O.....O....S....O..............|..............................ruiny...................................................n............................................................................................................................................................................................................
...........................O......./...../......../..O.O.K.......O.........O-O-O-O-O...................................................n............................................................................................................................................................................................................
...........................|....O-O-S...O......../...|..|.......|.............................../...................................................n............................................................................................................................................................................................................
...........................|....|......|....O...O.....O...O..O....|...................O-O.........O...................................................n............................................................................................................................................................................................................
...........................|....O......O.S./../......../..^.....|..............................|...................................................n............................................................................................................................................................................................................
...........................O.............|/...O.2.O...O-O..O--O...O.......................O.......O...................................................n............................................................................................................................................................................................................
...........................|..........O-O-O....|.|/......|........|..................................................................................n............................................................................................................................................................................................................
...........................|..........|.......O-O-O--O--O----O....|.........................O-O-O-O.O...................................................n............................................................................................................................................................................................................
...........................O..........S...I....|...................O...............................|.|...................................................n............................................................................................................................................................................................................
...........................|...................#...................|...............................O-O...................................................n............................................................................................................................................................................................................
...........................|...................|...................|.....................................................................................n............................................................................................................................................................................................................
...........................O----O----O----O----O----O----O----O----O...................................O-O-O-O...................................................n............................................................................................................................................................................................................
.................................................................................................................................................................n............................................................................................................................................................................................................
...............................................................................................................O-O-O-O...................................................n............................................................................................................................................................................................................
.........................................................................................................................................................................n............................................................................................................................................................................................................
.......................................................................................................................O-O...................................................n............................................................................................................................................................................................................
.............................................................................................................................................................................n............................................................................................................................................................................................................
...........................................................................................................................O...................................................n............................................................................................................................................................................................................
................................................................................................................................................................................n............................................................................................................................................................................................................
.............................................................................................................................O-O-O...................................................n............................................................................................................................................................................................................
.....................................................................................................................................................................................n............................................................................................................................................................................................................
...................................................................................................................................O-O...................................................n............................................................................................................................................................................................................
.........................................................................................................................................................................................n............................................................................................................................................................................................................
.......................................................................................................................................O-O...................................................n............................................................................................................................................................................................................
.........................................................................................................................................|...................................................n............................................................................................................................................................................................................
.........................................................................................................................................O-O-O...................................................n............................................................................................................................................................................................................
.................................................................................................................................................................................................n............................................................................................................................................................................................................
...............................................................................................................................................O...................................................n............................................................................................................................................................................................................
...................................................................................................................................................................................................n............................................................................................................................................................................................................
.................................................................................................................................................O...................................................n............................................................................................................................................................................................................
.................................................................................................................................................|...................................................n............................................................................................................................................................................................................
....................................................................................................................................murviel......O...................................................n............................................................................................................................................................................................................
.................................................................................................................................................|...................................................n............................................................................................................................................................................................................
.................................................................................................................................................O...................................................n............................................................................................................................................................................................................
.................................................................................................................................................|...................................................n............................................................................................................................................................................................................
.................................................................................................................................................O...................................................n............................................................................................................................................................................................................
................................................................................................................................................/....................................................n............................................................................................................................................................................................................
.............................................................................................................................................O-O........................................................n............................................................................................................................................................................................................
...................................................................................................................................................................................................n............................................................................................................................................................................................................
...............................................................................................................................................O.....................................................n............................................................................................................................................................................................................
....................................................................................................................................................................................................n............................................................................................................................................................................................................
.................................................................................................................................................O...................................................n............................................................................................................................................................................................................
.....................................................................................................................................................................................................n............................................................................................................................................................................................................
...................................................................................................................................................O-O...................................................n............................................................................................................................................................................................................
.........................................................................................................................................................................................................n............................................................................................................................................................................................................
.......................................................................................................................................................O...................................................n............................................................................................................................................................................................................
...........................................................................................................................................................................................................n............................................................................................................................................................................................................
.........................................................................................................................................................O...........................................................................................n............................................................................................................................................................................................................
....................................................................................................................................................................................................................................................n............................................................................................................................................................................................................
...........................................................................................................................................................O.........................................................................................n............................................................................................................................................................................................................
....................................................................................................................................................................................................................................................n............................................................................................................................................................................................................
.............................................................................................................................................................O-O-O.......................................................................................n............................................................................................................................................................................................................
....................................................................................................................................................................................................................................................n............................................................................................................................................................................................................
...................................................................................................................................................................O-O.................................................................................n............................................................................................................................................................................................................
....................................................................................................................................................................................................................................................n............................................................................................................................................................................................................
.......................................................................................................................................................................O.............................................................................n............................................................................................................................................................................................................
....................................................................................................................................................................................................................................................n............................................................................................................................................................................................................
.........................................................................................................................................................................O-O-O-O...........................................................................n............................................................................................................................................................................................................
....................................................................................................................................................................................................................................................n............................................................................................................................................................................................................
.................................................................................................................................................................................O-O-O...................................................................n............................................................................................................................................................................................................
....................................................................................................................................................................................................................................................n............................................................................................................................................................................................................
.......................................................................................................................................................................................O.............................................................n............................................................................................................................................................................................................
....................................................................................................................................................................................................................................................n............................................................................................................................................................................................................
.........................................................................................................................................................................................O-O-O-O...........................................................n............................................................................................................................................................................................................
....................................................................................................................................................................................................................................................n............................................................................................................................................................................................................
....................................................................................................................................................................................................................................................n............................................................................................................................................................................................................
................................................................................................................................................................................................hagge...............................................................n............................................................................................................................................................................................................
.................................................................................................................................................................................................................................................n............................................................................................................................................................................................................
.................................................................................................................................................................................................................................................n............................................................................................................................................................................................................
.................................................................................................................................................................................................................................................n............................................................................................................................................................................................................
