...............................................................................................n............................................................................................................................................................................................................
...............................................................................................n............................................................................................................................................................................................................
...............................................................................................n............................................................................................................................................................................................................
...............................................................................................n............................................................................................................................................................................................................
...............................................................................................n............................................................................................................................................................................................................
....................P...O.....O...................................................n............................................................................................................................................................................................................
.......................|..../...................................................n............................................................................................................................................................................................................
......................O-O-O-O..................................................................n............................................................................................................................................................................................................
...................../|.|.|..................................................................n............................................................................................................................................................................................................
............U.......O-O-F-O-O.O................................................................n............................................................................................................................................................................................................
............|....../.|.|.|/...................................................................n............................................................................................................................................................................................................
............O.....O...O-O-O....................................................................n............................................................................................................................................................................................................
................/............................................................................n............................................................................................................................................................................................................
..............O-O...........N...................................................n............................................................................................................................................................................................................
............./.............|...................................................n............................................................................................................................................................................................................
............U...U...........N..................................................................n............................................................................................................................................................................................................
...............................................................................................n............................................................................................................................................................................................................
...............................................................................................n............................................................................................................................................................................................................
...............................................................................................n............................................................................................................................................................................................................
...................................................n............................................................................................................................................................................................................
