...................................................................................................................................n............................................................................................................................................................................................................
...................................................................................................................................n............................................................................................................................................................................................................
...................................................................................................................................n............................................................................................................................................................................................................
...................................................................................................................................n............................................................................................................................................................................................................
................................................................................oxenfurt...................................................n............................................................................................................................................................................................................
....................................................................................................................................n............................................................................................................................................................................................................
...........................................................................rzeka.........pontar...................................................n............................................................................................................................................................................................................
..................................................................................N...N...................................................n............................................................................................................................................................................................................
..................................................................................|...|...................................................n............................................................................................................................................................................................................
..................................................................................O-O-O-N...................................................n............................................................................................................................................................................................................
......................................................................................|...................................................n............................................................................................................................................................................................................
......................................................................................O-O...................................................n............................................................................................................................................................................................................
......................................................................................|...................................................n............................................................................................................................................................................................................
.....................................................................................-O....wies.grabowa.buchta...................................................n............................................................................................................................................................................................................
......................................................................................|...................................................n............................................................................................................................................................................................................
......................................................................................O-O...................................................n............................................................................................................................................................................................................
.......................................delta.rzeki.pontar...................pola......|...................................................n............................................................................................................................................................................................................
....................................................................................G-O-O...................................................n............................................................................................................................................................................................................
......................................................................................|...................................................n............................................................................................................................................................................................................
....................................................................................O-O-O...................................................n............................................................................................................................................................................................................
......................................................................................|...................................................n............................................................................................................................................................................................................
.....................................................................................-O-O-D...................................................n............................................................................................................................................................................................................
......................................................................................|...................................................n............................................................................................................................................................................................................
......................................................................................O...................................................n............................................................................................................................................................................................................
......................................................................................|...................................................n............................................................................................................................................................................................................
......................................................................................O...................................................n............................................................................................................................................................................................................
......................................................................................|...................................................n............................................................................................................................................................................................................
....................................................N.................................O...................................................n............................................................................................................................................................................................................
....................................................|...wies.nadrzecze....................................................................n............................................................................................................................................................................................................
....................................................O.........................O-O-O-O^O.O...................................................n............................................................................................................................................................................................................
....................................................|.................................|.....................................................n............................................................................................................................................................................................................
....................................................O-O.O.O...........................O...O...................................................n............................................................................................................................................................................................................
.................................................../|..|/............................|.......................................................n............................................................................................................................................................................................................
................................................O-O-F-O-O-O.........................O-O-----O-O...................................................n............................................................................................................................................................................................................
................................................./.|/..|.......................................................................................n............................................................................................................................................................................................................
................................................O...O...G.O.............................O.......O...................................................n............................................................................................................................................................................................................
....................................................|...................................|.......|...................................................n............................................................................................................................................................................................................
....................................................O...................................O-----G-O...................................................n............................................................................................................................................................................................................
.................................................../............................................|...................................................n............................................................................................................................................................................................................
..................................................O.............................................O...................................................n............................................................................................................................................................................................................
..................................................|.................................................................................................n............................................................................................................................................................................................................
..................................................O...............................................O......pola....................................................n............................................................................................................................................................................................................
.....................................................................................................................................................n............................................................................................................................................................................................................
....................................................O...............................................O...................................................n............................................................................................................................................................................................................
......................................................................................................|/...................................................n............................................................................................................................................................................................................
......................................................O...............................................O-O-O..................................poludniowa.redania.........................................................n............................................................................................................................................................................................................
......................................................|...............................................|...................................................n............................................................................................................................................................................................................
......................................................O...............................................O.............................................N...................................................n............................................................................................................................................................................................................
......................................................|.........................................................................................../...................................................n............................................................................................................................................................................................................
......................................................O.................................................O.........................................O...................................................n............................................................................................................................................................................................................
......................................................|.................................................|.........................................|...................................................n............................................................................................................................................................................................................
......................................................O-O-O.............................................O.........................................O...................................................n............................................................................................................................................................................................................
.......................................................................................................|......................................../...................................................n............................................................................................................................................................................................................
............................................................O-O-O.......................................O.................................O-O...O...................................................n............................................................................................................................................................................................................
.......................................................................................................|................................/..../...................................................n............................................................................................................................................................................................................
..................................................................O.....................................O-O-O-O.....O...................O.....O...................................................n............................................................................................................................................................................................................
.......................................................................................................|...|.......|................../...................................................n............................................................................................................................................................................................................
....................................................................O...........................O-O.....|...O..sad..O...............O-O...................................................n............................................................................................................................................................................................................
............................................................................................../.......|...........|............../...................................................n............................................................................................................................................................................................................
......................................................................O.......l.a.s...........O.....O-O-O...O.O.O...F.............O...................................................n............................................................................................................................................................................................................
............................................................................................/..........|...|.|.|...|............/...................................................n............................................................................................................................................................................................................
........................................................................O-O...........O-O...O.........Z-O-O-O-O-O-O-O-O-O.......O...................................................n............................................................................................................................................................................................................
..................................................................................../..../................|.|.|............./...................................................n............................................................................................................................................................................................................
............................................................................O-O-O-O-O.....O.................O.O.O.........O...O........l.a.s...................................................n............................................................................................................................................................................................................
................................................................................................................|.........|....|...................................................n............................................................................................................................................................................................................
..............................................................................................................K-O-O.......O.....O...................................................n............................................................................................................................................................................................................
..............................................................................................wies.kociepole......|.......|..../...................................................n............................................................................................................................................................................................................
..................................................................................................................O.......O...O...................................................n............................................................................................................................................................................................................
..........................................................................................................................|...|...................................................n............................................................................................................................................................................................................
..........................................................................................................................O...O...................................................n............................................................................................................................................................................................................
........................................................................................................................./........................................................n............................................................................................................................................................................................................
........................................................................................................................O.......O...................................................n............................................................................................................................................................................................................
........................................................................................................................|.......|...................................................n............................................................................................................................................................................................................
........................................................................................................................O.......O...................................................n............................................................................................................................................................................................................
........................................................................................................................|...........................................................n............................................................................................................................................................................................................
........................................................................................................................O.........O...................................................n............................................................................................................................................................................................................
........................................................................................................................|......../...................................................n............................................................................................................................................................................................................
........................................................................................................................O-O.....O...................................................n............................................................................................................................................................................................................
......................................................................................................................./....../...................................................n............................................................................................................................................................................................................
......................................................................................................................O.....O-O...................................................n............................................................................................................................................................................................................
...................................................................................................................../...................................................n............................................................................................................................................................................................................
..................................................................................................................O-O...................................................n............................................................................................................................................................................................................
................................................................................................................./...................................................n............................................................................................................................................................................................................
..............................................................................................................O-O...................................................n............................................................................................................................................................................................................
............................................................................................................./...................................................n............................................................................................................................................................................................................
............................................................................................................O-..straznica...................................................n............................................................................................................................................................................................................
.............................................................................................l.a.s........./...................................................n............................................................................................................................................................................................................
........................................................................................................O-O...................................................n............................................................................................................................................................................................................
......................................................................................................./...................................................n............................................................................................................................................................................................................
......................................................................................................O...................................................n............................................................................................................................................................................................................
..................................................................................................../...................................................n............................................................................................................................................................................................................
....................................................................................................O...................................................n............................................................................................................................................................................................................
....................................................................................................|...................................................n............................................................................................................................................................................................................
....................................................................................................O.O...................................................n............................................................................................................................................................................................................
.................................................................................................../......................................................n............................................................................................................................................................................................................
................................................................................................../.....O...................................................n............................................................................................................................................................................................................
................................................................................................./......|...................................................n............................................................................................................................................................................................................
................................................................................................O.......O...................................................n............................................................................................................................................................................................................
.............................................................................................../............................................................n............................................................................................................................................................................................................
............................................................................................../...........O-O...................................................n............................................................................................................................................................................................................
............................................................................................./.O...O-O..........................................................n............................................................................................................................................................................................................
............................................................................................/..|../..|........O...................................................n............................................................................................................................................................................................................
.........................................................................................O-O---O-O...O.O..........................................................n............................................................................................................................................................................................................
.........................................................................................|............^........O...................................................n............................................................................................................................................................................................................
.........................................................................................O.......O.O-O-G...O....|...................................................n............................................................................................................................................................................................................
......................................................................................../..wies..|.|X|.....^....O...................................................n............................................................................................................................................................................................................
.....................................................................................O-O.........O-O-O-O-O-O........................................................n............................................................................................................................................................................................................
..................................................................................../............|.....|.|........O-O...................................................n............................................................................................................................................................................................................
...........................................................................O.....O-O.............O.....O.O..............................................................n............................................................................................................................................................................................................
...........................................................................|.../.....................................O-O...................................................n............................................................................................................................................................................................................
...........................................................................O.O-O........................................|...................................................n............................................................................................................................................................................................................
........................................................................../.............................................O...................................................n............................................................................................................................................................................................................
.......................................................................O-O..................................................................................................n............................................................................................................................................................................................................
....................................................................../...................................................O...................................................n............................................................................................................................................................................................................
.........................................O-O...............O-O-O...O-O....................................................|...................................................n............................................................................................................................................................................................................
......................................../................/....../.......................................................O...................................................n............................................................................................................................................................................................................
.......................................O.....O-O-O.....O-O.......O.............................................................................................................n............................................................................................................................................................................................................
....................................../............../........./...........................................................O...................................................n............................................................................................................................................................................................................
...............................O.....O.............O-O.........O............................................................|...................................................n............................................................................................................................................................................................................
............................../..../..........................|............................................................O...................................................n............................................................................................................................................................................................................
.........................O-O-O...O-O.......................O-O-O................................................................................................................n............................................................................................................................................................................................................
......................../...................................../...............................................................O...................................................n............................................................................................................................................................................................................
.......................O.....O-O.........................O.../................................................................|...................................................n............................................................................................................................................................................................................
....................../......|/............................/...wies..........................................................O......................................................n............................................................................................................................................................................................................
..............las...-O.O-O-O-O.O.O.......O...............O-O.O......................................................................................................................n............................................................................................................................................................................................................
............brokilon.../|.|....|.......|................/.|..................................................................O....................................................n............................................................................................................................................................................................................
.......................O-O-O-O---O-O-O-O-O-.wyrebisko....O.O-O-O....................................................................................................................n............................................................................................................................................................................................................
.........................|.......|.|.....|............../....|..........................................................n............................................................................................................................................................................................................
.......................O-G.......O.O.....O.........Z-O-O...O-O-O...........................................................poludniowa.temeria...................................................n............................................................................................................................................................................................................
.......................................................................................................................n............................................................................................................................................................................................................
..........................wies.podmokla.laka...................O...................................................n............................................................................................................................................................................................................
.................................................................................n............................................................................................................................................................................................................
.................................................................................n............................................................................................................................................................................................................
.................................................................................n............................................................................................................................................................................................................
.................................................................................n............................................................................................................................................................................................................
...................................................................................n............................................................................................................................................................................................................
