C 50000

CE <078>
CH <118>
CP <138>
CR <178>

F 8

I 30

L * # # # | # x          


R {    1} {0} {} {} { } {} {} {} {} {} {1.000}

R {    3} {0} {} {} { } {} {} {} {} {} {1.000}
E {    4} {nw} {nw} {9} {0} {}

R {    4} {0} {} {} { } {} {} {} {} {} {1.000}
E {    3} {se} {se} {6} {0} {}

R {    6} {0} {} {} {<fca>[ ]<088>} {} {} {} {} {} {1.000}
E {    8} {s} {s} {4} {0} {}
E {   14} {w} {w} {8} {0} {}
E {   20} {nw} {jadlodajnia} {9} {0} {}
E {   21} {n} {namiot} {1} {0} {}
E {   22} {ne} {kancelaria} {3} {0} {}
E {   23} {e} {e} {2} {0} {}

R {    7} {0} {} {} { } {} {} {} {} {} {1.000}
E {    6} {s} {s} {4} {0} {}

R {    8} {0} {} {} {<fca>[ ]<088>} {} {} {} {} {} {1.000}
E {    6} {n} {n} {1} {0} {}
E {    9} {s} {s} {4} {0} {}
E {   12} {w} {kuznia} {8} {0} {}
E {   13} {e} {magazyn} {2} {0} {}

R {    9} {0} {} {} {<fca>[ ]<088>} {} {} {} {} {} {1.000}
E {    8} {n} {n} {1} {0} {}
E {   10} {w} {w} {8} {0} {}
E {   11} {e} {e} {2} {0} {}

R {   10} {0} {} {} {<ACC><aaa> B <088>} {} {} {} {} {} {1.000}
E {    9} {e} {wyjscie} {2} {0} {}
E {    9} {wyjscie} {wyjscie} {0} {0} {}

R {   11} {0} {} {} {<ACC><aaa> Z <088>} {} {} {} {} {} {1.000}
E {    9} {w} {wyjscie} {8} {0} {}
E {    9} {wyjscie} {wyjscie} {0} {0} {}

R {   12} {0} {} {} {<CCA><aaa> K <088>} {} {} {} {} {} {1.000}
E {    8} {e} {wyjscie} {2} {0} {}
E {    8} {wyjscie} {wyjscie} {0} {0} {}

R {   13} {0} {} {} {<CCA><aaa> M <088>} {} {} {} {} {} {1.000}
E {    8} {w} {wyjscie} {8} {0} {}
E {    8} {wyjscie} {wyjscie} {0} {0} {}

R {   14} {0} {} {} {<fca>[ ]<088>} {} {} {} {} {} {1.000}
E {    6} {e} {e} {2} {0} {}
E {   15} {w} {w} {8} {0} {}
E {   18} {nw} {namiot} {9} {0} {}
E {   19} {sw} {biblioteka} {12} {0} {}
E {   19} {biblioteka} {biblioteka} {0} {0} {}

R {   15} {0} {} {} {<fca>[ ]<088>} {} {} {} {} {} {1.000}
E {   14} {e} {e} {2} {0} {}
E {   16} {nw} {nw} {9} {0} {}
E {   17} {sw} {latryna} {12} {0} {}

R {   16} {0} {} {} {<fca>[ ]<088>} {} {} {} {} {} {1.000}
E {   15} {se} {se} {6} {0} {}

R {   17} {0} {} {} {<BAB><fff> L <088>} {} {} {} {} {} {1.000}
E {   15} {ne} {wyjscie} {3} {0} {}

R {   18} {0} {} {} {<CAA><fff> P <088>} {} {} {} {} {} {1.000}
E {   14} {se} {wyjscie} {6} {0} {}

R {   19} {0} {} {} {<ACC><aaa> B <088>} {} {} {} {} {} {1.000}
E {   14} {ne} {wyjscie} {3} {0} {}

R {   20} {0} {} {} {<ACA><aaa> J <088>} {} {} {} {} {} {1.000}
E {    6} {se} {wyjscie} {6} {0} {}

R {   21} {0} {} {} {<CAA><fff> P <088>} {} {} {} {} {} {1.000}
E {    6} {s} {wyjscie} {4} {0} {}

R {   22} {0} {} {} {<ACA><aaa> P <088>} {} {} {} {} {} {1.000}
E {    6} {sw} {wyjscie} {12} {0} {}

R {   23} {0} {} {} {<fca>[ ]<088>} {} {} {} {} {} {1.000}
E {    6} {w} {w} {8} {0} {}
E {   24} {ne} {namiot} {3} {0} {}
E {   25} {e} {e} {2} {0} {}

R {   24} {0} {} {} {<CAA><fff> P <088>} {} {} {} {} {} {1.000}
E {   23} {sw} {wyjscie} {12} {0} {}

R {   25} {0} {} {} {<fca>[ ]<088>} {} {} {} {} {} {1.000}
E {   23} {w} {w} {8} {0} {}
E {   26} {e} {e} {2} {0} {}

R {   26} {0} {} {} {<fca>[ ]<088>} {} {} {} {} {} {1.000}
E {   25} {w} {w} {8} {0} {}
E {   27} {s} {namiot} {4} {0} {}
E {   28} {e} {e} {2} {0} {}
E {   31} {u} {u} {16} {0} {}

R {   27} {0} {} {} {<faa>N<088>} {} {} {} {} {} {1.000}
E {   26} {n} {wyjscie} {1} {0} {}

R {   28} {0} {} {} {<fca>[ ]<088>} {} {} {} {} {} {1.000}
E {   26} {w} {w} {8} {0} {}
E {   29} {e} {e} {2} {0} {}

R {   29} {0} {} {} {<fca>[ ]<088>} {} {} {} {} {} {1.000}
E {   28} {w} {w} {8} {0} {}
E {   30} {e} {e} {2} {0} {}

R {   30} {0} {} {} {<fca>[ ]<088>} {} {} {} {} {} {1.000}
E {   29} {w} {oboz} {8} {0} {}
E {   33} {ne} {ne} {3} {0} {}
E {   34} {e} {e} {2} {0} {}
E {   36} {se} {se} {6} {0} {}
E {   38} {u} {u} {16} {0} {}
E {   29} {oboz} {oboz} {0} {0} {}

R {   31} {0} {} {} { } {} {} {} {} {} {1.000}
E {   26} {d} {d} {32} {0} {}
E {   32} {u} {drabina} {16} {0} {}

R {   32} {0} {} {} { } {} {} {} {} {} {1.000}
E {   31} {d} {drabina} {32} {0} {}

R {   33} {0} {} {} { } {} {} {} {} {} {1.000}
E {   30} {sw} {sw} {12} {0} {}
E {   34} {s} {s} {4} {0} {}

R {   34} {0} {} {} {<fca>[ ]<088>} {} {} {} {} {} {1.000}
E {   30} {w} {w} {8} {0} {}
E {   33} {n} {n} {1} {0} {}
E {   35} {e} {e} {2} {0} {}
E {   36} {s} {s} {4} {0} {}

R {   35} {0} {} {} { } {} {} {} {} {} {1.000}
E {   34} {w} {w} {8} {0} {}
E {   36} {sw} {sw} {12} {0} {}

R {   36} {0} {} {} {<fca>[ ]<088>} {} {} {} {} {} {1.000}
E {   34} {n} {n} {1} {0} {}
E {   30} {nw} {nw} {9} {0} {}
E {   35} {ne} {ne} {3} {0} {}
E {   37} {u} {u} {16} {0} {}

R {   37} {0} {} {} {<cba>[-]<088>} {} {} {} {} {} {1.000}
E {   36} {d} {d} {32} {0} {}
E {   38} {nw} {nw} {9} {0} {}
E {   40} {sw} {sw} {12} {0} {}
E {   46} {u} {u} {16} {0} {}

R {   38} {0} {} {} {<cba>[-]<088>} {} {} {} {} {} {1.000}
E {   37} {se} {se} {6} {0} {}
E {   39} {sw} {sw} {12} {0} {}
E {   30} {d} {d} {32} {0} {}
E {   46} {u} {u} {16} {0} {}

R {   39} {0} {} {} {<cba>[-]<088>} {} {} {} {} {} {1.000}
E {   38} {ne} {ne} {3} {0} {}
E {   40} {se} {se} {6} {0} {}
E {   41} {d} {d} {32} {0} {}
E {   46} {u} {u} {16} {0} {}

R {   40} {0} {} {} {<cba>[-]<088>} {} {} {} {} {} {1.000}
E {   39} {nw} {nw} {9} {0} {}
E {   37} {ne} {ne} {3} {0} {}
E {   43} {d} {d} {32} {0} {}
E {   46} {u} {u} {16} {0} {}

R {   41} {0} {} {} { } {} {} {} {} {} {1.000}
E {   39} {u} {u} {16} {0} {}
E {   42} {s} {s} {4} {0} {}
E {   43} {se} {se} {6} {0} {}
E {   44} {sw} {sw} {12} {0} {}
E {   45} {w} {w} {8} {0} {}

R {   42} {0} {} {} { } {} {} {} {} {} {1.000}
E {   41} {n} {n} {1} {0} {}
E {   43} {e} {e} {2} {0} {}
E {   44} {w} {w} {8} {0} {}
E {   45} {nw} {nw} {9} {0} {}

R {   43} {0} {} {} { } {} {} {} {} {} {1.000}
E {   42} {w} {w} {8} {0} {}
E {   41} {nw} {nw} {9} {0} {}
E {   40} {u} {u} {16} {0} {}

R {   44} {0} {} {} { } {} {} {} {} {} {1.000}
E {   42} {e} {e} {2} {0} {}
E {   41} {ne} {ne} {3} {0} {}

R {   45} {0} {} {} { } {} {} {} {} {} {1.000}
E {   42} {se} {se} {6} {0} {}
E {   41} {e} {e} {2} {0} {}

R {   46} {0} {} {} {<cba>[-]<088>} {} {} {} {} {} {1.000}
E {   40} {s} {s} {4} {0} {}
E {   38} {d} {d} {32} {0} {}
E {   38} {n} {n} {1} {0} {}
E {   39} {w} {w} {8} {0} {}
E {   37} {e} {e} {2} {0} {}
