



               O-O-O-O
               |/     \      kaer hemdall           
               O O-O   O   
              /|/   \  |
             O-O O-O O O-N
              \   \ / /
               O-O O O
                  \ /
                   O
                  / \
                 O   O    
                 
                 
                 
                 
                 
                 
                     O
                     |       hindarsfjall           
             N^O^O-O-O   
             
             
             
             
             
             
             O       O
             |        \      faroe          
             O-O   G   O
               |\  |   |
             P-O O-O   O
                \|  \ /
                 O-O-O
                 |\   \
               O-O-O   O
              /| |     |
             O O N     O
             |        /
             O     O-O
              \
               O
               
               
               
               
               