




                              O-F-O-O-O
                             / /  |  \ \
                            O O   O   O O        val'kare           
            ruiny          / / \  |  / \ \                     
                        P-O O S O-O-O   O O
                 \        |/ / /     \   \|
                  O-O-O-O-O-O-O   O   O-O-O-O-O-O
                O    /    |   |  / \  |   |     |
              O |   S     O G O O U O O S O     K
               ^|         |  \|  \|/  |/  |
                O-O-O-O-O-O-O-O   O   O-O-O-O-O
               ^|     |   |\   \  |  /   /|
              O |     B   O O   O-T-O   O O-U
                O            \ /| |  \ / /
                          S   O S O   O O   L   M
                          |    \  |  / /    ^   |
                          O-O-O-O-O-O-O-----O-O-O
                            |     |         |
                        O-O-O-O-O-O-O-O-----O
                                  |
                                O-O
                                  |
                                  #
                                  |
                                  
                         pustynia zerrikanska
                         
                         
                         
                         
                         
